Component: ARM Compiler 5.06 update 5 (build 528) Tool: armlink [4d35e2]

==============================================================================

Section Cross References

    startup_stm32f303xe.o(STACK) refers (Special) to heapauxi.o(.text) for __use_two_region_memory
    startup_stm32f303xe.o(HEAP) refers (Special) to heapauxi.o(.text) for __use_two_region_memory
    startup_stm32f303xe.o(RESET) refers (Special) to heapauxi.o(.text) for __use_two_region_memory
    startup_stm32f303xe.o(RESET) refers to startup_stm32f303xe.o(STACK) for __initial_sp
    startup_stm32f303xe.o(RESET) refers to startup_stm32f303xe.o(.text) for Reset_Handler
    startup_stm32f303xe.o(RESET) refers to systick.o(i.SysTick_Handler) for SysTick_Handler
    startup_stm32f303xe.o(RESET) refers to uds.o(i.TIM1_BRK_TIM15_IRQHandler) for TIM1_BRK_TIM15_IRQHandler
    startup_stm32f303xe.o(RESET) refers to encoder.o(i.TIM1_UP_TIM16_IRQHandler) for TIM1_UP_TIM16_IRQHandler
    startup_stm32f303xe.o(RESET) refers to encoder.o(i.TIM1_TRG_COM_TIM17_IRQHandler) for TIM1_TRG_COM_TIM17_IRQHandler
    startup_stm32f303xe.o(RESET) refers to dcmotor.o(i.TIM3_IRQHandler) for TIM3_IRQHandler
    startup_stm32f303xe.o(RESET) refers to steppermotor.o(i.TIM4_IRQHandler) for TIM4_IRQHandler
    startup_stm32f303xe.o(RESET) refers to uart.o(i.USART1_IRQHandler) for USART1_IRQHandler
    startup_stm32f303xe.o(RESET) refers to beeper.o(i.TIM8_CC_IRQHandler) for TIM8_CC_IRQHandler
    startup_stm32f303xe.o(.text) refers (Special) to heapauxi.o(.text) for __use_two_region_memory
    startup_stm32f303xe.o(.text) refers to system_stm32f3xx.o(i.SystemInit) for SystemInit
    startup_stm32f303xe.o(.text) refers to __main.o(!!!main) for __main
    startup_stm32f303xe.o(.text) refers to startup_stm32f303xe.o(HEAP) for Heap_Mem
    startup_stm32f303xe.o(.text) refers to startup_stm32f303xe.o(STACK) for Stack_Mem
    system_stm32f3xx.o(i.SystemCoreClockUpdate) refers to system_stm32f3xx.o(.data) for SystemCoreClock
    system_stm32f3xx.o(i.SystemCoreClockUpdate) refers to system_stm32f3xx.o(.constdata) for AHBPrescTable
    main.o(i.main) refers to sysclock.o(i.System_Clock_Init) for System_Clock_Init
    main.o(i.main) refers to systick.o(i.SysTick_Initialize) for SysTick_Initialize
    main.o(i.main) refers to lcd.o(i.LCDinit) for LCDinit
    main.o(i.main) refers to lcd.o(i.LCDclear) for LCDclear
    main.o(i.main) refers to steppermotor.o(i.StepperMotorInit) for StepperMotorInit
    main.o(i.main) refers to servo.o(i.ServoInit) for ServoInit
    main.o(i.main) refers to dcmotor.o(i.DCMotorInit) for DCMotorInit
    main.o(i.main) refers to uds.o(i.UDSInit) for UDSInit
    main.o(i.main) refers to encoder.o(i.EncoderInit) for EncoderInit
    main.o(i.main) refers to uart.o(i.UARTInit) for UARTInit
    main.o(i.main) refers to steppermotor.o(i.limitSwitchInit) for limitSwitchInit
    main.o(i.main) refers to beeper.o(i.beeperInit) for beeperInit
    main.o(i.main) refers to servo.o(i.servoPosition) for servoPosition
    main.o(i.main) refers to uart.o(i.UARTprintf) for UARTprintf
    main.o(i.main) refers to uart.o(i.UARTCheckEnter) for UARTCheckEnter
    main.o(i.main) refers to uart.o(i.UARTString) for UARTString
    main.o(i.main) refers to atoi.o(.text) for atoi
    main.o(i.main) refers to steppermotor.o(i.stepperHoming) for stepperHoming
    main.o(i.main) refers to main.o(.bss) for current_instructions
    led_flash.o(i.flashLED) refers to systick.o(i.Delay_ms) for Delay_ms
    systick.o(i.Delay_10us) refers to systick.o(.data) for TimeDelay
    systick.o(i.Delay_ms) refers to systick.o(i.Delay_10us) for Delay_10us
    systick.o(i.SysTick_Handler) refers to systick.o(.data) for TimeDelay
    lcd.o(i.LCDClearRow1) refers to lcd.o(i.LCDcmd) for LCDcmd
    lcd.o(i.LCDClearRow1) refers to lcd.o(i.LCDprintf) for LCDprintf
    lcd.o(i.LCDClearRow2) refers to lcd.o(i.LCDcmd) for LCDcmd
    lcd.o(i.LCDClearRow2) refers to lcd.o(i.LCDprintf) for LCDprintf
    lcd.o(i.LCDclear) refers to lcd.o(i.LCDcmd) for LCDcmd
    lcd.o(i.LCDclear) refers to systick.o(i.Delay_ms) for Delay_ms
    lcd.o(i.LCDinit) refers to systick.o(i.Delay_ms) for Delay_ms
    lcd.o(i.LCDinit) refers to lcd.o(i.LCDcmd) for LCDcmd
    lcd.o(i.LCDinit) refers to systick.o(i.Delay_10us) for Delay_10us
    lcd.o(i.LCDinit) refers to lcd.o(i.LCDclear) for LCDclear
    lcd.o(i.LCDprintf) refers to vsnprintf.o(.text) for vsnprintf
    lcd.o(i.LCDprintf) refers to lcd.o(i.LCDputs) for LCDputs
    lcd.o(i.LCDputc) refers to lcd.o(i.LCDcmd) for LCDcmd
    lcd.o(i.LCDputc) refers to lcd.o(i.LCDdata) for LCDdata
    lcd.o(i.LCDputc) refers to systick.o(i.Delay_10us) for Delay_10us
    lcd.o(i.LCDputc) refers to lcd.o(.data) for line
    lcd.o(i.LCDputs) refers to lcd.o(i.LCDputc) for LCDputc
    steppermotor.o(i.StepperMotorInit) refers to steppermotor.o(i.stepperExitParallel) for stepperExitParallel
[...]
    .ARM.Collect$$_printf_percent$$00000011  0x0800026c   Section        6  _printf_llx.o(.ARM.Collect$$_printf_percent$$00000011)
    .ARM.Collect$$_printf_percent$$00000012  0x08000272   Section       10  _printf_l.o(.ARM.Collect$$_printf_percent$$00000012)
    .ARM.Collect$$_printf_percent$$00000013  0x0800027c   Section        6  _printf_c.o(.ARM.Collect$$_printf_percent$$00000013)
    .ARM.Collect$$_printf_percent$$00000014  0x08000282   Section        6  _printf_s.o(.ARM.Collect$$_printf_percent$$00000014)
    .ARM.Collect$$_printf_percent$$00000015  0x08000288   Section        6  _printf_lc.o(.ARM.Collect$$_printf_percent$$00000015)
    .ARM.Collect$$_printf_percent$$00000016  0x0800028e   Section        6  _printf_ls.o(.ARM.Collect$$_printf_percent$$00000016)
    .ARM.Collect$$_printf_percent$$00000017  0x08000294   Section        4  _printf_percent_end.o(.ARM.Collect$$_printf_percent$$00000017)
    .ARM.Collect$$libinit$$00000000          0x08000298   Section        2  libinit.o(.ARM.Collect$$libinit$$00000000)
    .ARM.Collect$$libinit$$00000001          0x0800029a   Section        4  libinit2.o(.ARM.Collect$$libinit$$00000001)
    .ARM.Collect$$libinit$$00000004          0x0800029e   Section        0  libinit2.o(.ARM.Collect$$libinit$$00000004)
    .ARM.Collect$$libinit$$0000000A          0x0800029e   Section        0  libinit2.o(.ARM.Collect$$libinit$$0000000A)
    .ARM.Collect$$libinit$$0000000C          0x0800029e   Section        0  libinit2.o(.ARM.Collect$$libinit$$0000000C)
    .ARM.Collect$$libinit$$0000000E          0x0800029e   Section        0  libinit2.o(.ARM.Collect$$libinit$$0000000E)
    .ARM.Collect$$libinit$$0000000F          0x0800029e   Section        6  libinit2.o(.ARM.Collect$$libinit$$0000000F)
    .ARM.Collect$$libinit$$00000011          0x080002a4   Section        0  libinit2.o(.ARM.Collect$$libinit$$00000011)
    .ARM.Collect$$libinit$$00000012          0x080002a4   Section       12  libinit2.o(.ARM.Collect$$libinit$$00000012)
    .ARM.Collect$$libinit$$00000013          0x080002b0   Section        0  libinit2.o(.ARM.Collect$$libinit$$00000013)
    .ARM.Collect$$libinit$$00000015          0x080002b0   Section        0  libinit2.o(.ARM.Collect$$libinit$$00000015)
    .ARM.Collect$$libinit$$00000016          0x080002b0   Section       10  libinit2.o(.ARM.Collect$$libinit$$00000016)
    .ARM.Collect$$libinit$$00000017          0x080002ba   Section        0  libinit2.o(.ARM.Collect$$libinit$$00000017)
    .ARM.Collect$$libinit$$00000019          0x080002ba   Section        0  libinit2.o(.ARM.Collect$$libinit$$00000019)
    .ARM.Collect$$libinit$$0000001B          0x080002ba   Section        0  libinit2.o(.ARM.Collect$$libinit$$0000001B)
    .ARM.Collect$$libinit$$0000001D          0x080002ba   Section        0  libinit2.o(.ARM.Collect$$libinit$$0000001D)
    .ARM.Collect$$libinit$$0000001F          0x080002ba   Section        0  libinit2.o(.ARM.Collect$$libinit$$0000001F)
    .ARM.Collect$$libinit$$00000021          0x080002ba   Section        0  libinit2.o(.ARM.Collect$$libinit$$00000021)
    .ARM.Collect$$libinit$$00000023          0x080002ba   Section        0  libinit2.o(.ARM.Collect$$libinit$$00000023)
    .ARM.Collect$$libinit$$00000025          0x080002ba   Section        0  libinit2.o(.ARM.Collect$$libinit$$00000025)
    .ARM.Collect$$libinit$$0000002C          0x080002ba   Section        0  libinit2.o(.ARM.Collect$$libinit$$0000002C)
    .ARM.Collect$$libinit$$0000002E          0x080002ba   Section        0  libinit2.o(.ARM.Collect$$libinit$$0000002E)
    .ARM.Collect$$libinit$$00000030          0x080002ba   Section        0  libinit2.o(.ARM.Collect$$libinit$$00000030)
    .ARM.Collect$$libinit$$00000032          0x080002ba   Section        0  libinit2.o(.ARM.Collect$$libinit$$00000032)
    .ARM.Collect$$libinit$$00000033          0x080002ba   Section        2  libinit2.o(.ARM.Collect$$libinit$$00000033)
    .ARM.Collect$$libshutdown$$00000000      0x080002bc   Section        2  libshutdown.o(.ARM.Collect$$libshutdown$$00000000)
    .ARM.Collect$$libshutdown$$00000002      0x080002be   Section        0  libshutdown2.o(.ARM.Collect$$libshutdown$$00000002)
    .ARM.Collect$$libshutdown$$00000004      0x080002be   Section        0  libshutdown2.o(.ARM.Collect$$libshutdown$$00000004)
    .ARM.Collect$$libshutdown$$00000007      0x080002be   Section        0  libshutdown2.o(.ARM.Collect$$libshutdown$$00000007)
    .ARM.Collect$$libshutdown$$0000000A      0x080002be   Section        0  libshutdown2.o(.ARM.Collect$$libshutdown$$0000000A)
    .ARM.Collect$$libshutdown$$0000000C      0x080002be   Section        0  libshutdown2.o(.ARM.Collect$$libshutdown$$0000000C)
    .ARM.Collect$$libshutdown$$0000000F      0x080002be   Section        0  libshutdown2.o(.ARM.Collect$$libshutdown$$0000000F)
    .ARM.Collect$$libshutdown$$00000010      0x080002be   Section        2  libshutdown2.o(.ARM.Collect$$libshutdown$$00000010)
    .ARM.Collect$$rtentry$$00000000          0x080002c0   Section        0  __rtentry.o(.ARM.Collect$$rtentry$$00000000)
    .ARM.Collect$$rtentry$$00000002          0x080002c0   Section        0  __rtentry2.o(.ARM.Collect$$rtentry$$00000002)
    .ARM.Collect$$rtentry$$00000004          0x080002c0   Section        6  __rtentry4.o(.ARM.Collect$$rtentry$$00000004)
    .ARM.Collect$$rtentry$$00000009          0x080002c6   Section        0  __rtentry2.o(.ARM.Collect$$rtentry$$00000009)
    .ARM.Collect$$rtentry$$0000000A          0x080002c6   Section        4  __rtentry2.o(.ARM.Collect$$rtentry$$0000000A)
    .ARM.Collect$$rtentry$$0000000C          0x080002ca   Section        0  __rtentry2.o(.ARM.Collect$$rtentry$$0000000C)
    .ARM.Collect$$rtentry$$0000000D          0x080002ca   Section        8  __rtentry2.o(.ARM.Collect$$rtentry$$0000000D)
    .ARM.Collect$$rtexit$$00000000           0x080002d2   Section        2  rtexit.o(.ARM.Collect$$rtexit$$00000000)
    .ARM.Collect$$rtexit$$00000002           0x080002d4   Section        0  rtexit2.o(.ARM.Collect$$rtexit$$00000002)
    .ARM.Collect$$rtexit$$00000003           0x080002d4   Section        4  rtexit2.o(.ARM.Collect$$rtexit$$00000003)
    .ARM.Collect$$rtexit$$00000004           0x080002d8   Section        6  rtexit2.o(.ARM.Collect$$rtexit$$00000004)
    .text                                    0x080002e0   Section       64  startup_stm32f303xe.o(.text)
    $v0                                      0x080002e0   Number         0  startup_stm32f303xe.o(.text)
    .text                                    0x08000320   Section        0  vsnprintf.o(.text)
    .text                                    0x08000354   Section        0  atoi.o(.text)
    .text                                    0x0800036e   Section        0  heapauxi.o(.text)
    .text                                    0x08000374   Section        8  rt_errno_addr_intlibspace.o(.text)
    .text                                    0x0800037c   Section        0  _printf_pad.o(.text)
    .text                                    0x080003ca   Section        0  _printf_truncate.o(.text)
    .text                                    0x080003ee   Section        0  _printf_str.o(.text)
    .text                                    0x08000440   Section        0  _printf_dec.o(.text)
    .text                                    0x080004b8   Section        0  _printf_charcount.o(.text)
    .text                                    0x080004e0   Section        0  _printf_char_common.o(.text)
    _printf_input_char                       0x080004e1   Thumb Code    10  _printf_char_common.o(.text)
    .text                                    0x08000510   Section        0  _sputc.o(.text)
    .text                                    0x0800051a   Section        0  _snputc.o(.text)
    .text                                    0x0800052c   Section        0  _printf_wctomb.o(.text)
    .text                                    0x080005e8   Section        0  _printf_longlong_dec.o(.text)
    .text                                    0x08000664   Section        0  _printf_oct_int_ll.o(.text)
    _printf_longlong_oct_internal            0x08000665   Thumb Code     0  _printf_oct_int_ll.o(.text)
    .text                                    0x080006d4   Section        0  _printf_hex_int_ll_ptr.o(.text)
    _printf_hex_common                       0x080006d5   Thumb Code     0  _printf_hex_int_ll_ptr.o(.text)
    .text                                    0x08000768   Section        0  __printf_flags_ss_wp.o(.text)
    .text                                    0x080008f0   Section        0  strtol.o(.text)
    .text                                    0x08000960   Section        8  libspace.o(.text)
    .text                                    0x08000968   Section       16  rt_ctype_table.o(.text)
    .text                                    0x08000978   Section      138  lludiv10.o(.text)
    .text                                    0x08000a02   Section        0  _printf_intcommon.o(.text)
    .text                                    0x08000ab4   Section        0  _printf_fp_dec.o(.text)
    _fp_digits                               0x08000ab7   Thumb Code   432  _printf_fp_dec.o(.text)
    .text                                    0x08000ed4   Section        0  _printf_fp_hex.o(.text)
    .text                                    0x080011d0   Section        0  _printf_char.o(.text)
    .text                                    0x080011fc   Section        0  _printf_wchar.o(.text)
    .text                                    0x08001228   Section        0  _strtoul.o(.text)
    .text                                    0x080012c6   Section        0  _wcrtomb.o(.text)
    .text                                    0x08001306   Section       74  sys_stackheap_outer.o(.text)
    .text                                    0x08001350   Section        8  rt_locale_intlibspace.o(.text)
    .text                                    0x08001358   Section        0  _printf_fp_infnan.o(.text)
    .text                                    0x080013d8   Section        0  _chval.o(.text)
    .text                                    0x080013f4   Section        0  bigflt0.o(.text)
    .text                                    0x080014d8   Section        0  exit.o(.text)
    .text                                    0x080014ec   Section      128  strcmpv7m.o(.text)
    .text                                    0x0800156c   Section        0  sys_exit.o(.text)
    .text                                    0x08001578   Section        2  use_no_semi.o(.text)
    .text                                    0x0800157a   Section        0  indicate_semi.o(.text)
    CL$$btod_d2e                             0x0800157a   Section       62  btod.o(CL$$btod_d2e)
    CL$$btod_d2e_denorm_low                  0x080015b8   Section       70  btod.o(CL$$btod_d2e_denorm_low)
    CL$$btod_d2e_norm_op1                    0x080015fe   Section       96  btod.o(CL$$btod_d2e_norm_op1)
    CL$$btod_div_common                      0x0800165e   Section      824  btod.o(CL$$btod_div_common)
    CL$$btod_e2e                             0x08001996   Section      220  btod.o(CL$$btod_e2e)
    CL$$btod_ediv                            0x08001a72   Section       42  btod.o(CL$$btod_ediv)
    CL$$btod_emul                            0x08001a9c   Section       42  btod.o(CL$$btod_emul)
    CL$$btod_mult_common                     0x08001ac6   Section      580  btod.o(CL$$btod_mult_common)
    i.DCMotorInit                            0x08001d0c   Section        0  dcmotor.o(i.DCMotorInit)
    i.Delay_10us                             0x08001fe8   Section        0  systick.o(i.Delay_10us)
    i.Delay_ms                               0x08002004   Section        0  systick.o(i.Delay_ms)
    i.EncoderInit                            0x08002014   Section        0  encoder.o(i.EncoderInit)
    i.LCDclear                               0x080021a4   Section        0  lcd.o(i.LCDclear)
    i.LCDcmd                                 0x080021b4   Section        0  lcd.o(i.LCDcmd)
    i.LCDinit                                0x08002210   Section        0  lcd.o(i.LCDinit)
    i.ServoInit                              0x080023e0   Section        0  servo.o(i.ServoInit)
    i.StepperMotorInit                       0x08002498   Section        0  steppermotor.o(i.StepperMotorInit)
    i.SysTick_Handler                        0x08002668   Section        0  systick.o(i.SysTick_Handler)
    i.SysTick_Initialize                     0x08002680   Section        0  systick.o(i.SysTick_Initialize)
    i.SystemInit                             0x080026e4   Section        0  system_stm32f3xx.o(i.SystemInit)
    i.System_Clock_Init                      0x08002760   Section        0  sysclock.o(i.System_Clock_Init)
    i.TIM1_BRK_TIM15_IRQHandler              0x08002860   Section        0  uds.o(i.TIM1_BRK_TIM15_IRQHandler)
    i.TIM1_TRG_COM_TIM17_IRQHandler          0x0800291c   Section        0  encoder.o(i.TIM1_TRG_COM_TIM17_IRQHandler)
    i.TIM1_UP_TIM16_IRQHandler               0x0800297c   Section        0  encoder.o(i.TIM1_UP_TIM16_IRQHandler)
    i.TIM3_IRQHandler                        0x080029ec   Section        0  dcmotor.o(i.TIM3_IRQHandler)
    i.TIM4_IRQHandler                        0x08002a5c   Section        0  steppermotor.o(i.TIM4_IRQHandler)
    i.TIM8_CC_IRQHandler                     0x08002bf0   Section        0  beeper.o(i.TIM8_CC_IRQHandler)
    i.UARTCheckEnter                         0x08002cd8   Section        0  uart.o(i.UARTCheckEnter)
    i.UARTDequeue                            0x08002cf8   Section        0  uart.o(i.UARTDequeue)
    i.UARTInit                               0x08002d38   Section        0  uart.o(i.UARTInit)
    i.UARTNotEmpty                           0x08002f80   Section        0  uart.o(i.UARTNotEmpty)
    i.UARTString                             0x08002f94   Section        0  uart.o(i.UARTString)
    i.UARTprintf                             0x08002fb0   Section        0  uart.o(i.UARTprintf)
    i.UARTputc                               0x08002fd8   Section        0  uart.o(i.UARTputc)
    i.UARTputs                               0x08002ff4   Section        0  uart.o(i.UARTputs)
    i.UDSEcho                                0x08003018   Section        0  uds.o(i.UDSEcho)
    i.UDSInit                                0x080030fc   Section        0  uds.o(i.UDSInit)
    i.UDSTrig                                0x08003108   Section        0  uds.o(i.UDSTrig)
    i.USART1_IRQHandler                      0x08003184   Section        0  uart.o(i.USART1_IRQHandler)
    i.__ARM_fpclassify                       0x080031c8   Section        0  fpclassify.o(i.__ARM_fpclassify)
    i.__NVIC_EnableIRQ                       0x080031f8   Section        0  encoder.o(i.__NVIC_EnableIRQ)
    __NVIC_EnableIRQ                         0x080031f9   Thumb Code    26  encoder.o(i.__NVIC_EnableIRQ)
    i.__NVIC_SetPriority                     0x08003214   Section        0  encoder.o(i.__NVIC_SetPriority)
    __NVIC_SetPriority                       0x08003215   Thumb Code    32  encoder.o(i.__NVIC_SetPriority)
    i._is_digit                              0x0800323c   Section        0  __printf_wp.o(i._is_digit)
    i.beeperControl                          0x0800324c   Section        0  uds.o(i.beeperControl)
    i.beeperInit                             0x08003410   Section        0  beeper.o(i.beeperInit)
    i.limitSwitchInit                        0x08003544   Section        0  steppermotor.o(i.limitSwitchInit)
    i.main                                   0x08003594   Section        0  main.o(i.main)
    i.mapValue                               0x08003c0c   Section        0  servo.o(i.mapValue)
    i.receive                                0x08003c2e   Section        0  uart.o(i.receive)
    i.runDCMotor                             0x08003c64   Section        0  dcmotor.o(i.runDCMotor)
    i.runStepperMotor                        0x08003d6c   Section        0  steppermotor.o(i.runStepperMotor)
    i.servoPosition                          0x08003dc8   Section        0  servo.o(i.servoPosition)
    i.speedControl                           0x08003df4   Section        0  dcmotor.o(i.speedControl)
    i.stepperExitParallel                    0x08003e68   Section        0  steppermotor.o(i.stepperExitParallel)
    i.stepperHoming                          0x08003eac   Section        0  steppermotor.o(i.stepperHoming)
    locale$$code                             0x08003f50   Section       44  lc_ctype_c.o(locale$$code)
    locale$$code                             0x08003f7c   Section       44  lc_numeric_c.o(locale$$code)
    x$fpl$dcmpinf                            0x08003fa8   Section       24  dcmpi.o(x$fpl$dcmpinf)
    $v0                                      0x08003fa8   Number         0  dcmpi.o(x$fpl$dcmpinf)
    x$fpl$dfltu                              0x08003fc0   Section       38  dflt_clz.o(x$fpl$dfltu)
    $v0                                      0x08003fc0   Number         0  dflt_clz.o(x$fpl$dfltu)
    x$fpl$dleqf                              0x08003fe8   Section      120  dleqf.o(x$fpl$dleqf)
    $v0                                      0x08003fe8   Number         0  dleqf.o(x$fpl$dleqf)
    x$fpl$dmul                               0x08004060   Section      340  dmul.o(x$fpl$dmul)
    $v0                                      0x08004060   Number         0  dmul.o(x$fpl$dmul)
    x$fpl$dnaninf                            0x080041b4   Section      156  dnaninf.o(x$fpl$dnaninf)
    $v0                                      0x080041b4   Number         0  dnaninf.o(x$fpl$dnaninf)
    x$fpl$dretinf                            0x08004250   Section       12  dretinf.o(x$fpl$dretinf)
    $v0                                      0x08004250   Number         0  dretinf.o(x$fpl$dretinf)
    x$fpl$drleqf                             0x0800425c   Section      108  drleqf.o(x$fpl$drleqf)
    $v0                                      0x0800425c   Number         0  drleqf.o(x$fpl$drleqf)
    x$fpl$fpinit                             0x080042c8   Section       10  fpinit.o(x$fpl$fpinit)
    $v0                                      0x080042c8   Number         0  fpinit.o(x$fpl$fpinit)
    x$fpl$printf1                            0x080042d2   Section        4  printf1.o(x$fpl$printf1)
    $v0                                      0x080042d2   Number         0  printf1.o(x$fpl$printf1)
    x$fpl$printf2                            0x080042d6   Section        4  printf2.o(x$fpl$printf2)
    $v0                                      0x080042d6   Number         0  printf2.o(x$fpl$printf2)
    x$fpl$usenofp                            0x080042da   Section        0  usenofp.o(x$fpl$usenofp)
    .constdata                               0x080042dc   Section        8  _printf_wctomb.o(.constdata)
    initial_mbstate                          0x080042dc   Data           8  _printf_wctomb.o(.constdata)
    .constdata                               0x080042e4   Section       40  _printf_hex_int_ll_ptr.o(.constdata)
    uc_hextab                                0x080042e4   Data          20  _printf_hex_int_ll_ptr.o(.constdata)
    lc_hextab                                0x080042f8   Data          20  _printf_hex_int_ll_ptr.o(.constdata)
    .constdata                               0x0800430c   Section       17  __printf_flags_ss_wp.o(.constdata)
    maptable                                 0x0800430c   Data          17  __printf_flags_ss_wp.o(.constdata)
    .constdata                               0x0800431d   Section       38  _printf_fp_hex.o(.constdata)
    lc_hextab                                0x0800431d   Data          19  _printf_fp_hex.o(.constdata)
    uc_hextab                                0x08004330   Data          19  _printf_fp_hex.o(.constdata)
    .constdata                               0x08004344   Section      148  bigflt0.o(.constdata)
    tenpwrs_x                                0x08004344   Data          60  bigflt0.o(.constdata)
    tenpwrs_i                                0x08004380   Data          64  bigflt0.o(.constdata)
    locale$$data                             0x080043f8   Section      272  lc_ctype_c.o(locale$$data)
    __lcctype_c_name                         0x080043fc   Data           2  lc_ctype_c.o(locale$$data)
    __lcctype_c_start                        0x08004404   Data           0  lc_ctype_c.o(locale$$data)
    locale$$data                             0x08004508   Section       28  lc_numeric_c.o(locale$$data)
    __lcctype_c_end                          0x08004508   Data           0  lc_ctype_c.o(locale$$data)
    __lcnum_c_name                           0x0800450c   Data           2  lc_numeric_c.o(locale$$data)
    __lcnum_c_start                          0x08004514   Data           0  lc_numeric_c.o(locale$$data)
    __lcnum_c_point                          0x08004520   Data           0  lc_numeric_c.o(locale$$data)
    __lcnum_c_thousands                      0x08004522   Data           0  lc_numeric_c.o(locale$$data)
    __lcnum_c_grouping                       0x08004523   Data           0  lc_numeric_c.o(locale$$data)
    __lcnum_c_end                            0x08004524   Data           0  lc_numeric_c.o(locale$$data)
    .data                                    0x20000000   Section        4  systick.o(.data)
    TimeDelay                                0x20000000   Data           4  systick.o(.data)
    .data                                    0x20000004   Section       48  steppermotor.o(.data)
    stepperValue                             0x20000004   Data          32  steppermotor.o(.data)
    current_position                         0x20000024   Data           4  steppermotor.o(.data)
    stepper_max_angle                        0x20000028   Data           4  steppermotor.o(.data)
    stepper_min_angle                        0x2000002c   Data           4  steppermotor.o(.data)
    currentStepperIndex                      0x20000030   Data           4  steppermotor.o(.data)
    .data                                    0x20000034   Section        8  dcmotor.o(.data)
    left_PWM                                 0x20000034   Data           4  dcmotor.o(.data)
    right_PWM                                0x20000038   Data           4  dcmotor.o(.data)
    .data                                    0x2000003c   Section       24  uds.o(.data)
    average                                  0x20000050   Data           4  uds.o(.data)
    .data                                    0x20000054   Section       28  encoder.o(.data)
    left_last_captured                       0x20000058   Data           4  encoder.o(.data)
    right_last_captured                      0x20000060   Data           4  encoder.o(.data)
    overflow_count                           0x20000064   Data           4  encoder.o(.data)
    LCD_overflow_count                       0x20000068   Data           4  encoder.o(.data)
    overflow_count                           0x2000006c   Data           4  encoder.o(.data)
    .data                                    0x20000070   Section        4  uart.o(.data)
    Rx1_Counter                              0x20000070   Data           4  uart.o(.data)
    .data                                    0x20000074   Section       20  beeper.o(.data)
    signal_polarity                          0x20000078   Data           1  beeper.o(.data)
    signal_enable                            0x20000079   Data           1  beeper.o(.data)
    overflow_count                           0x2000007c   Data           4  beeper.o(.data)
    beep_cycle_flag                          0x20000080   Data           1  beeper.o(.data)
    beep_cycle_temp                          0x20000084   Data           4  beeper.o(.data)
    .bss                                     0x20000088   Section       20  main.o(.bss)
    .bss                                     0x2000009c   Section       50  uart.o(.bss)
    USART1_Buffer_Rx                         0x2000009c   Data          50  uart.o(.bss)
    .bss                                     0x200000d0   Section       96  libspace.o(.bss)
    HEAP                                     0x20000130   Section      512  startup_stm32f303xe.o(HEAP)
    Heap_Mem                                 0x20000130   Data         512  startup_stm32f303xe.o(HEAP)
    STACK                                    0x20000330   Section     1024  startup_stm32f303xe.o(STACK)
    Stack_Mem                                0x20000330   Data        1024  startup_stm32f303xe.o(STACK)
    __initial_sp                             0x20000730   Data           0  startup_stm32f303xe.o(STACK)

    Global Symbols

    Symbol Name                              Value     Ov Type        Size  Object(Section)

    BuildAttributes$$THM_ISAv4$E$P$D$K$B$S$7EM$VFPi3$EXTD16$VFPS$VFMA$PE$A:L22UL41UL21$X:L11$S22US41US21$IEEE1$IW$USESV6$~STKCKD$USESV7$~SHL$OTIME$ROPI$IEEEJ$EBA8$UX$STANDARDLIB$REQ8$PRES8$EABIv2 0x00000000   Number         0  anon$$obj.o ABSOLUTE
    __ARM_use_no_argv                        0x00000000   Number         0  main.o ABSOLUTE
    _printf_flags                            0x00000000   Number         0  printf_stubs.o ABSOLUTE
    _printf_return_value                     0x00000000   Number         0  printf_stubs.o ABSOLUTE
    _printf_sizespec                         0x00000000   Number         0  printf_stubs.o ABSOLUTE
    _printf_widthprec                        0x00000000   Number         0  printf_stubs.o ABSOLUTE
    __ARM_exceptions_init                     - Undefined Weak Reference
    __alloca_initialize                       - Undefined Weak Reference
    __arm_preinit_                            - Undefined Weak Reference
    __cpp_initialize__aeabi_                  - Undefined Weak Reference
    __cxa_finalize                            - Undefined Weak Reference
    __sigvec_lookup                           - Undefined Weak Reference
    _atexit_init                              - Undefined Weak Reference
    _call_atexit_fns                          - Undefined Weak Reference
    _clock_init                               - Undefined Weak Reference
    _fp_trap_init                             - Undefined Weak Reference
    _fp_trap_shutdown                         - Undefined Weak Reference
    _get_lc_collate                           - Undefined Weak Reference
    _get_lc_monetary                          - Undefined Weak Reference
    _get_lc_time                              - Undefined Weak Reference
    _getenv_init                              - Undefined Weak Reference
    _handle_redirection                       - Undefined Weak Reference
    _init_alloc                               - Undefined Weak Reference
    _init_user_alloc                          - Undefined Weak Reference
    _initio                                   - Undefined Weak Reference
    _printf_mbtowc                            - Undefined Weak Reference
    _printf_wc                                - Undefined Weak Reference
    _rand_init                                - Undefined Weak Reference
    _signal_finish                            - Undefined Weak Reference
    _signal_init                              - Undefined Weak Reference
    _terminate_alloc                          - Undefined Weak Reference
    _terminate_user_alloc                     - Undefined Weak Reference
    _terminateio                              - Undefined Weak Reference
    __Vectors_Size                           0x00000194   Number         0  startup_stm32f303xe.o ABSOLUTE
    __Vectors                                0x08000000   Data           4  startup_stm32f303xe.o(RESET)
    __Vectors_End                            0x08000194   Data           0  startup_stm32f303xe.o(RESET)
    __main                                   0x08000195   Thumb Code     8  __main.o(!!!main)
    __scatterload                            0x0800019d   Thumb Code     0  __scatter.o(!!!scatter)
    __scatterload_rt2                        0x0800019d   Thumb Code    44  __scatter.o(!!!scatter)
    __scatterload_rt2_thumb_only             0x0800019d   Thumb Code     0  __scatter.o(!!!scatter)
    __scatterload_null                       0x080001ab   Thumb Code     0  __scatter.o(!!!scatter)
    __scatterload_copy                       0x080001d1   Thumb Code    26  __scatter_copy.o(!!handler_copy)
    __scatterload_zeroinit                   0x080001ed   Thumb Code    28  __scatter_zi.o(!!handler_zi)
    _printf_n                                0x08000209   Thumb Code     0  _printf_n.o(.ARM.Collect$$_printf_percent$$00000001)
    _printf_percent                          0x08000209   Thumb Code     0  _printf_percent.o(.ARM.Collect$$_printf_percent$$00000000)
    _printf_p                                0x0800020f   Thumb Code     0  _printf_p.o(.ARM.Collect$$_printf_percent$$00000002)
    _printf_f                                0x08000215   Thumb Code     0  _printf_f.o(.ARM.Collect$$_printf_percent$$00000003)
    _printf_e                                0x0800021b   Thumb Code     0  _printf_e.o(.ARM.Collect$$_printf_percent$$00000004)
    _printf_g                                0x08000221   Thumb Code     0  _printf_g.o(.ARM.Collect$$_printf_percent$$00000005)
    _printf_a                                0x08000227   Thumb Code     0  _printf_a.o(.ARM.Collect$$_printf_percent$$00000006)
    _printf_ll                               0x0800022d   Thumb Code     0  _printf_ll.o(.ARM.Collect$$_printf_percent$$00000007)
    _printf_i                                0x08000237   Thumb Code     0  _printf_i.o(.ARM.Collect$$_printf_percent$$00000008)
    _printf_d                                0x0800023d   Thumb Code     0  _printf_d.o(.ARM.Collect$$_printf_percent$$00000009)
    _printf_u                                0x08000243   Thumb Code     0  _printf_u.o(.ARM.Collect$$_printf_percent$$0000000A)
    _printf_o                                0x08000249   Thumb Code     0  _printf_o.o(.ARM.Collect$$_printf_percent$$0000000B)
    _printf_x                                0x0800024f   Thumb Code     0  _printf_x.o(.ARM.Collect$$_printf_percent$$0000000C)
    _printf_lli                              0x08000255   Thumb Code     0  _printf_lli.o(.ARM.Collect$$_printf_percent$$0000000D)
    _printf_lld                              0x0800025b   Thumb Code     0  _printf_lld.o(.ARM.Collect$$_printf_percent$$0000000E)
    _printf_llu                              0x08000261   Thumb Code     0  _printf_llu.o(.ARM.Collect$$_printf_percent$$0000000F)
    _printf_llo                              0x08000267   Thumb Code     0  _printf_llo.o(.ARM.Collect$$_printf_percent$$00000010)
    _printf_llx                              0x0800026d   Thumb Code     0  _printf_llx.o(.ARM.Collect$$_printf_percent$$00000011)
    _printf_l                                0x08000273   Thumb Code     0  _printf_l.o(.ARM.Collect$$_printf_percent$$00000012)
    _printf_c                                0x0800027d   Thumb Code     0  _printf_c.o(.ARM.Collect$$_printf_percent$$00000013)
    _printf_s                                0x08000283   Thumb Code     0  _printf_s.o(.ARM.Collect$$_printf_percent$$00000014)
    _printf_lc                               0x08000289   Thumb Code     0  _printf_lc.o(.ARM.Collect$$_printf_percent$$00000015)
    _printf_ls                               0x0800028f   Thumb Code     0  _printf_ls.o(.ARM.Collect$$_printf_percent$$00000016)
    _printf_percent_end                      0x08000295   Thumb Code     0  _printf_percent_end.o(.ARM.Collect$$_printf_percent$$00000017)
    __rt_lib_init                            0x08000299   Thumb Code     0  libinit.o(.ARM.Collect$$libinit$$00000000)
    __rt_lib_init_fp_1                       0x0800029b   Thumb Code     0  libinit2.o(.ARM.Collect$$libinit$$00000001)
    __rt_lib_init_heap_1                     0x0800029f   Thumb Code     0  libinit2.o(.ARM.Collect$$libinit$$0000000A)
    __rt_lib_init_lc_common                  0x0800029f   Thumb Code     0  libinit2.o(.ARM.Collect$$libinit$$0000000F)
    __rt_lib_init_preinit_1                  0x0800029f   Thumb Code     0  libinit2.o(.ARM.Collect$$libinit$$00000004)
    __rt_lib_init_rand_1                     0x0800029f   Thumb Code     0  libinit2.o(.ARM.Collect$$libinit$$0000000E)
    __rt_lib_init_user_alloc_1               0x0800029f   Thumb Code     0  libinit2.o(.ARM.Collect$$libinit$$0000000C)
    __rt_lib_init_lc_collate_1               0x080002a5   Thumb Code     0  libinit2.o(.ARM.Collect$$libinit$$00000011)
    __rt_lib_init_lc_ctype_2                 0x080002a5   Thumb Code     0  libinit2.o(.ARM.Collect$$libinit$$00000012)
    __rt_lib_init_lc_ctype_1                 0x080002b1   Thumb Code     0  libinit2.o(.ARM.Collect$$libinit$$00000013)
    __rt_lib_init_lc_monetary_1              0x080002b1   Thumb Code     0  libinit2.o(.ARM.Collect$$libinit$$00000015)
    __rt_lib_init_lc_numeric_2               0x080002b1   Thumb Code     0  libinit2.o(.ARM.Collect$$libinit$$00000016)
    __rt_lib_init_alloca_1                   0x080002bb   Thumb Code     0  libinit2.o(.ARM.Collect$$libinit$$0000002E)
    __rt_lib_init_argv_1                     0x080002bb   Thumb Code     0  libinit2.o(.ARM.Collect$$libinit$$0000002C)
    __rt_lib_init_atexit_1                   0x080002bb   Thumb Code     0  libinit2.o(.ARM.Collect$$libinit$$0000001B)
    __rt_lib_init_clock_1                    0x080002bb   Thumb Code     0  libinit2.o(.ARM.Collect$$libinit$$00000021)
    __rt_lib_init_cpp_1                      0x080002bb   Thumb Code     0  libinit2.o(.ARM.Collect$$libinit$$00000032)
    __rt_lib_init_exceptions_1               0x080002bb   Thumb Code     0  libinit2.o(.ARM.Collect$$libinit$$00000030)
    __rt_lib_init_fp_trap_1                  0x080002bb   Thumb Code     0  libinit2.o(.ARM.Collect$$libinit$$0000001F)
    __rt_lib_init_getenv_1                   0x080002bb   Thumb Code     0  libinit2.o(.ARM.Collect$$libinit$$00000023)
    __rt_lib_init_lc_numeric_1               0x080002bb   Thumb Code     0  libinit2.o(.ARM.Collect$$libinit$$00000017)
    __rt_lib_init_lc_time_1                  0x080002bb   Thumb Code     0  libinit2.o(.ARM.Collect$$libinit$$00000019)
    __rt_lib_init_return                     0x080002bb   Thumb Code     0  libinit2.o(.ARM.Collect$$libinit$$00000033)
    __rt_lib_init_signal_1                   0x080002bb   Thumb Code     0  libinit2.o(.ARM.Collect$$libinit$$0000001D)
    __rt_lib_init_stdio_1                    0x080002bb   Thumb Code     0  libinit2.o(.ARM.Collect$$libinit$$00000025)
    __rt_lib_shutdown                        0x080002bd   Thumb Code     0  libshutdown.o(.ARM.Collect$$libshutdown$$00000000)
    __rt_lib_shutdown_cpp_1                  0x080002bf   Thumb Code     0  libshutdown2.o(.ARM.Collect$$libshutdown$$00000002)
    __rt_lib_shutdown_fp_trap_1              0x080002bf   Thumb Code     0  libshutdown2.o(.ARM.Collect$$libshutdown$$00000007)
    __rt_lib_shutdown_heap_1                 0x080002bf   Thumb Code     0  libshutdown2.o(.ARM.Collect$$libshutdown$$0000000F)
    __rt_lib_shutdown_return                 0x080002bf   Thumb Code     0  libshutdown2.o(.ARM.Collect$$libshutdown$$00000010)
    __rt_lib_shutdown_signal_1               0x080002bf   Thumb Code     0  libshutdown2.o(.ARM.Collect$$libshutdown$$0000000A)
    __rt_lib_shutdown_stdio_1                0x080002bf   Thumb Code     0  libshutdown2.o(.ARM.Collect$$libshutdown$$00000004)
    __rt_lib_shutdown_user_alloc_1           0x080002bf   Thumb Code     0  libshutdown2.o(.ARM.Collect$$libshutdown$$0000000C)
    __rt_entry                               0x080002c1   Thumb Code     0  __rtentry.o(.ARM.Collect$$rtentry$$00000000)
    __rt_entry_presh_1                       0x080002c1   Thumb Code     0  __rtentry2.o(.ARM.Collect$$rtentry$$00000002)
    __rt_entry_sh                            0x080002c1   Thumb Code     0  __rtentry4.o(.ARM.Collect$$rtentry$$00000004)
    __rt_entry_li                            0x080002c7   Thumb Code     0  __rtentry2.o(.ARM.Collect$$rtentry$$0000000A)
    __rt_entry_postsh_1                      0x080002c7   Thumb Code     0  __rtentry2.o(.ARM.Collect$$rtentry$$00000009)
    __rt_entry_main                          0x080002cb   Thumb Code     0  __rtentry2.o(.ARM.Collect$$rtentry$$0000000D)
    __rt_entry_postli_1                      0x080002cb   Thumb Code     0  __rtentry2.o(.ARM.Collect$$rtentry$$0000000C)
    __rt_exit                                0x080002d3   Thumb Code     0  rtexit.o(.ARM.Collect$$rtexit$$00000000)
    __rt_exit_ls                             0x080002d5   Thumb Code     0  rtexit2.o(.ARM.Collect$$rtexit$$00000003)
    __rt_exit_prels_1                        0x080002d5   Thumb Code     0  rtexit2.o(.ARM.Collect$$rtexit$$00000002)
    __rt_exit_exit                           0x080002d9   Thumb Code     0  rtexit2.o(.ARM.Collect$$rtexit$$00000004)
    Reset_Handler                            0x080002e1   Thumb Code     8  startup_stm32f303xe.o(.text)
    NMI_Handler                              0x080002e9   Thumb Code     2  startup_stm32f303xe.o(.text)
    HardFault_Handler                        0x080002eb   Thumb Code     2  startup_stm32f303xe.o(.text)
    MemManage_Handler                        0x080002ed   Thumb Code     2  startup_stm32f303xe.o(.text)
    BusFault_Handler                         0x080002ef   Thumb Code     2  startup_stm32f303xe.o(.text)
    UsageFault_Handler                       0x080002f1   Thumb Code     2  startup_stm32f303xe.o(.text)
    SVC_Handler                              0x080002f3   Thumb Code     2  startup_stm32f303xe.o(.text)
    DebugMon_Handler                         0x080002f5   Thumb Code     2  startup_stm32f303xe.o(.text)
    PendSV_Handler                           0x080002f7   Thumb Code     2  startup_stm32f303xe.o(.text)
    ADC1_2_IRQHandler                        0x080002fb   Thumb Code     0  startup_stm32f303xe.o(.text)
    ADC3_IRQHandler                          0x080002fb   Thumb Code     0  startup_stm32f303xe.o(.text)
    ADC4_IRQHandler                          0x080002fb   Thumb Code     0  startup_stm32f303xe.o(.text)
    CAN_RX1_IRQHandler                       0x080002fb   Thumb Code     0  startup_stm32f303xe.o(.text)
    CAN_SCE_IRQHandler                       0x080002fb   Thumb Code     0  startup_stm32f303xe.o(.text)
    COMP1_2_3_IRQHandler                     0x080002fb   Thumb Code     0  startup_stm32f303xe.o(.text)
    COMP4_5_6_IRQHandler                     0x080002fb   Thumb Code     0  startup_stm32f303xe.o(.text)
    COMP7_IRQHandler                         0x080002fb   Thumb Code     0  startup_stm32f303xe.o(.text)
    DMA1_Channel1_IRQHandler                 0x080002fb   Thumb Code     0  startup_stm32f303xe.o(.text)
    DMA1_Channel2_IRQHandler                 0x080002fb   Thumb Code     0  startup_stm32f303xe.o(.text)
    DMA1_Channel3_IRQHandler                 0x080002fb   Thumb Code     0  startup_stm32f303xe.o(.text)
    DMA1_Channel4_IRQHandler                 0x080002fb   Thumb Code     0  startup_stm32f303xe.o(.text)
    DMA1_Channel5_IRQHandler                 0x080002fb   Thumb Code     0  startup_stm32f303xe.o(.text)
    DMA1_Channel6_IRQHandler                 0x080002fb   Thumb Code     0  startup_stm32f303xe.o(.text)
    DMA1_Channel7_IRQHandler                 0x080002fb   Thumb Code     0  startup_stm32f303xe.o(.text)
    DMA2_Channel1_IRQHandler                 0x080002fb   Thumb Code     0  startup_stm32f303xe.o(.text)
    DMA2_Channel2_IRQHandler                 0x080002fb   Thumb Code     0  startup_stm32f303xe.o(.text)
    DMA2_Channel3_IRQHandler                 0x080002fb   Thumb Code     0  startup_stm32f303xe.o(.text)
    DMA2_Channel4_IRQHandler                 0x080002fb   Thumb Code     0  startup_stm32f303xe.o(.text)
    DMA2_Channel5_IRQHandler                 0x080002fb   Thumb Code     0  startup_stm32f303xe.o(.text)
    EXTI0_IRQHandler                         0x080002fb   Thumb Code     0  startup_stm32f303xe.o(.text)
    EXTI15_10_IRQHandler                     0x080002fb   Thumb Code     0  startup_stm32f303xe.o(.text)
    EXTI1_IRQHandler                         0x080002fb   Thumb Code     0  startup_stm32f303xe.o(.text)
    EXTI2_TSC_IRQHandler                     0x080002fb   Thumb Code     0  startup_stm32f303xe.o(.text)
    EXTI3_IRQHandler                         0x080002fb   Thumb Code     0  startup_stm32f303xe.o(.text)
    EXTI4_IRQHandler                         0x080002fb   Thumb Code     0  startup_stm32f303xe.o(.text)
    EXTI9_5_IRQHandler                       0x080002fb   Thumb Code     0  startup_stm32f303xe.o(.text)
    FLASH_IRQHandler                         0x080002fb   Thumb Code     0  startup_stm32f303xe.o(.text)
    FMC_IRQHandler                           0x080002fb   Thumb Code     0  startup_stm32f303xe.o(.text)
    FPU_IRQHandler                           0x080002fb   Thumb Code     0  startup_stm32f303xe.o(.text)
    I2C1_ER_IRQHandler                       0x080002fb   Thumb Code     0  startup_stm32f303xe.o(.text)
    I2C1_EV_IRQHandler                       0x080002fb   Thumb Code     0  startup_stm32f303xe.o(.text)
    I2C2_ER_IRQHandler                       0x080002fb   Thumb Code     0  startup_stm32f303xe.o(.text)
    I2C2_EV_IRQHandler                       0x080002fb   Thumb Code     0  startup_stm32f303xe.o(.text)
    I2C3_ER_IRQHandler                       0x080002fb   Thumb Code     0  startup_stm32f303xe.o(.text)
    I2C3_EV_IRQHandler                       0x080002fb   Thumb Code     0  startup_stm32f303xe.o(.text)
    PVD_IRQHandler                           0x080002fb   Thumb Code     0  startup_stm32f303xe.o(.text)
    RCC_IRQHandler                           0x080002fb   Thumb Code     0  startup_stm32f303xe.o(.text)
    RTC_Alarm_IRQHandler                     0x080002fb   Thumb Code     0  startup_stm32f303xe.o(.text)
    RTC_WKUP_IRQHandler                      0x080002fb   Thumb Code     0  startup_stm32f303xe.o(.text)
    SPI1_IRQHandler                          0x080002fb   Thumb Code     0  startup_stm32f303xe.o(.text)
    SPI2_IRQHandler                          0x080002fb   Thumb Code     0  startup_stm32f303xe.o(.text)
    SPI3_IRQHandler                          0x080002fb   Thumb Code     0  startup_stm32f303xe.o(.text)
    SPI4_IRQHandler                          0x080002fb   Thumb Code     0  startup_stm32f303xe.o(.text)
    TAMP_STAMP_IRQHandler                    0x080002fb   Thumb Code     0  startup_stm32f303xe.o(.text)
    TIM1_CC_IRQHandler                       0x080002fb   Thumb Code     0  startup_stm32f303xe.o(.text)
    TIM20_BRK_IRQHandler                     0x080002fb   Thumb Code     0  startup_stm32f303xe.o(.text)
    TIM20_CC_IRQHandler                      0x080002fb   Thumb Code     0  startup_stm32f303xe.o(.text)
    TIM20_TRG_COM_IRQHandler                 0x080002fb   Thumb Code     0  startup_stm32f303xe.o(.text)
    TIM20_UP_IRQHandler                      0x080002fb   Thumb Code     0  startup_stm32f303xe.o(.text)
    TIM2_IRQHandler                          0x080002fb   Thumb Code     0  startup_stm32f303xe.o(.text)
    TIM6_DAC_IRQHandler                      0x080002fb   Thumb Code     0  startup_stm32f303xe.o(.text)
    TIM7_IRQHandler                          0x080002fb   Thumb Code     0  startup_stm32f303xe.o(.text)
    TIM8_BRK_IRQHandler                      0x080002fb   Thumb Code     0  startup_stm32f303xe.o(.text)
    TIM8_TRG_COM_IRQHandler                  0x080002fb   Thumb Code     0  startup_stm32f303xe.o(.text)
    TIM8_UP_IRQHandler                       0x080002fb   Thumb Code     0  startup_stm32f303xe.o(.text)
    UART4_IRQHandler                         0x080002fb   Thumb Code     0  startup_stm32f303xe.o(.text)
    UART5_IRQHandler                         0x080002fb   Thumb Code     0  startup_stm32f303xe.o(.text)
    USART2_IRQHandler                        0x080002fb   Thumb Code     0  startup_stm32f303xe.o(.text)
    USART3_IRQHandler                        0x080002fb   Thumb Code     0  startup_stm32f303xe.o(.text)
    USBWakeUp_IRQHandler                     0x080002fb   Thumb Code     0  startup_stm32f303xe.o(.text)
    USBWakeUp_RMP_IRQHandler                 0x080002fb   Thumb Code     0  startup_stm32f303xe.o(.text)
    USB_HP_CAN_TX_IRQHandler                 0x080002fb   Thumb Code     0  startup_stm32f303xe.o(.text)
    USB_HP_IRQHandler                        0x080002fb   Thumb Code     0  startup_stm32f303xe.o(.text)
    USB_LP_CAN_RX0_IRQHandler                0x080002fb   Thumb Code     0  startup_stm32f303xe.o(.text)
    USB_LP_IRQHandler                        0x080002fb   Thumb Code     0  startup_stm32f303xe.o(.text)
    WWDG_IRQHandler                          0x080002fb   Thumb Code     0  startup_stm32f303xe.o(.text)
    __user_initial_stackheap                 0x080002fd   Thumb Code     0  startup_stm32f303xe.o(.text)
    vsnprintf                                0x08000321   Thumb Code    48  vsnprintf.o(.text)
    atoi                                     0x08000355   Thumb Code    26  atoi.o(.text)
    __use_two_region_memory                  0x0800036f   Thumb Code     2  heapauxi.o(.text)
    __rt_heap_escrow$2region                 0x08000371   Thumb Code     2  heapauxi.o(.text)
    __rt_heap_expand$2region                 0x08000373   Thumb Code     2  heapauxi.o(.text)
    __aeabi_errno_addr                       0x08000375   Thumb Code     8  rt_errno_addr_intlibspace.o(.text)
    __errno$intlibspace                      0x08000375   Thumb Code     0  rt_errno_addr_intlibspace.o(.text)
    __rt_errno_addr$intlibspace              0x08000375   Thumb Code     0  rt_errno_addr_intlibspace.o(.text)
    _printf_pre_padding                      0x0800037d   Thumb Code    44  _printf_pad.o(.text)
    _printf_post_padding                     0x080003a9   Thumb Code    34  _printf_pad.o(.text)
    _printf_truncate_signed                  0x080003cb   Thumb Code    18  _printf_truncate.o(.text)
    _printf_truncate_unsigned                0x080003dd   Thumb Code    18  _printf_truncate.o(.text)
    _printf_str                              0x080003ef   Thumb Code    82  _printf_str.o(.text)
    _printf_int_dec                          0x08000441   Thumb Code   104  _printf_dec.o(.text)
    _printf_charcount                        0x080004b9   Thumb Code    40  _printf_charcount.o(.text)
    _printf_char_common                      0x080004eb   Thumb Code    32  _printf_char_common.o(.text)
    _sputc                                   0x08000511   Thumb Code    10  _sputc.o(.text)
    _snputc                                  0x0800051b   Thumb Code    16  _snputc.o(.text)
    _printf_wctomb                           0x0800052d   Thumb Code   182  _printf_wctomb.o(.text)
    _printf_longlong_dec                     0x080005e9   Thumb Code   108  _printf_longlong_dec.o(.text)
    _printf_longlong_oct                     0x08000665   Thumb Code    66  _printf_oct_int_ll.o(.text)
    _printf_int_oct                          0x080006a7   Thumb Code    24  _printf_oct_int_ll.o(.text)
    _printf_ll_oct                           0x080006bf   Thumb Code    12  _printf_oct_int_ll.o(.text)
    _printf_longlong_hex                     0x080006d5   Thumb Code    86  _printf_hex_int_ll_ptr.o(.text)
    _printf_int_hex                          0x0800072b   Thumb Code    28  _printf_hex_int_ll_ptr.o(.text)
    _printf_ll_hex                           0x08000747   Thumb Code    12  _printf_hex_int_ll_ptr.o(.text)
    _printf_hex_ptr                          0x08000753   Thumb Code    18  _printf_hex_int_ll_ptr.o(.text)
    __printf                                 0x08000769   Thumb Code   388  __printf_flags_ss_wp.o(.text)
    strtol                                   0x080008f1   Thumb Code   112  strtol.o(.text)
    __user_libspace                          0x08000961   Thumb Code     8  libspace.o(.text)
    __user_perproc_libspace                  0x08000961   Thumb Code     0  libspace.o(.text)
    __user_perthread_libspace                0x08000961   Thumb Code     0  libspace.o(.text)
    __rt_ctype_table                         0x08000969   Thumb Code    16  rt_ctype_table.o(.text)
    _ll_udiv10                               0x08000979   Thumb Code   138  lludiv10.o(.text)
    _printf_int_common                       0x08000a03   Thumb Code   178  _printf_intcommon.o(.text)
    __lib_sel_fp_printf                      0x08000ab5   Thumb Code     2  _printf_fp_dec.o(.text)
    _printf_fp_dec_real                      0x08000c67   Thumb Code   620  _printf_fp_dec.o(.text)
    _printf_fp_hex_real                      0x08000ed5   Thumb Code   756  _printf_fp_hex.o(.text)
    _printf_cs_common                        0x080011d1   Thumb Code    20  _printf_char.o(.text)
    _printf_char                             0x080011e5   Thumb Code    16  _printf_char.o(.text)
    _printf_string                           0x080011f5   Thumb Code     8  _printf_char.o(.text)
    _printf_lcs_common                       0x080011fd   Thumb Code    20  _printf_wchar.o(.text)
    _printf_wchar                            0x08001211   Thumb Code    16  _printf_wchar.o(.text)
    _printf_wstring                          0x08001221   Thumb Code     8  _printf_wchar.o(.text)
    _strtoul                                 0x08001229   Thumb Code   158  _strtoul.o(.text)
    _wcrtomb                                 0x080012c7   Thumb Code    64  _wcrtomb.o(.text)
    __user_setup_stackheap                   0x08001307   Thumb Code    74  sys_stackheap_outer.o(.text)
    __rt_locale                              0x08001351   Thumb Code     8  rt_locale_intlibspace.o(.text)
    _printf_fp_infnan                        0x08001359   Thumb Code   112  _printf_fp_infnan.o(.text)
    _chval                                   0x080013d9   Thumb Code    28  _chval.o(.text)
    _btod_etento                             0x080013f5   Thumb Code   224  bigflt0.o(.text)
    exit                                     0x080014d9   Thumb Code    18  exit.o(.text)
    strcmp                                   0x080014ed   Thumb Code   128  strcmpv7m.o(.text)
    _sys_exit                                0x0800156d   Thumb Code     8  sys_exit.o(.text)
    __I$use$semihosting                      0x08001579   Thumb Code     0  use_no_semi.o(.text)
    __use_no_semihosting_swi                 0x08001579   Thumb Code     2  use_no_semi.o(.text)
    __semihosting_library_function           0x0800157b   Thumb Code     0  indicate_semi.o(.text)
    _btod_d2e                                0x0800157b   Thumb Code    62  btod.o(CL$$btod_d2e)
    _d2e_denorm_low                          0x080015b9   Thumb Code    70  btod.o(CL$$btod_d2e_denorm_low)
    _d2e_norm_op1                            0x080015ff   Thumb Code    96  btod.o(CL$$btod_d2e_norm_op1)
    __btod_div_common                        0x0800165f   Thumb Code   696  btod.o(CL$$btod_div_common)
    _e2e                                     0x08001997   Thumb Code   220  btod.o(CL$$btod_e2e)
    _btod_ediv                               0x08001a73   Thumb Code    42  btod.o(CL$$btod_ediv)
    _btod_emul                               0x08001a9d   Thumb Code    42  btod.o(CL$$btod_emul)
    __btod_mult_common                       0x08001ac7   Thumb Code   580  btod.o(CL$$btod_mult_common)
    DCMotorInit                              0x08001d0d   Thumb Code   700  dcmotor.o(i.DCMotorInit)
    Delay_10us                               0x08001fe9   Thumb Code    24  systick.o(i.Delay_10us)
    Delay_ms                                 0x08002005   Thumb Code    16  systick.o(i.Delay_ms)
    EncoderInit                              0x08002015   Thumb Code   388  encoder.o(i.EncoderInit)
    LCDclear                                 0x080021a5   Thumb Code    16  lcd.o(i.LCDclear)
    LCDcmd                                   0x080021b5   Thumb Code    88  lcd.o(i.LCDcmd)
    LCDinit                                  0x08002211   Thumb Code   454  lcd.o(i.LCDinit)
    ServoInit                                0x080023e1   Thumb Code   172  servo.o(i.ServoInit)
    StepperMotorInit                         0x08002499   Thumb Code   438  steppermotor.o(i.StepperMotorInit)
    SysTick_Handler                          0x08002669   Thumb Code    20  systick.o(i.SysTick_Handler)
    SysTick_Initialize                       0x08002681   Thumb Code    90  systick.o(i.SysTick_Initialize)
    SystemInit                               0x080026e5   Thumb Code   104  system_stm32f3xx.o(i.SystemInit)
    System_Clock_Init                        0x08002761   Thumb Code   242  sysclock.o(i.System_Clock_Init)
    TIM1_BRK_TIM15_IRQHandler                0x08002861   Thumb Code   164  uds.o(i.TIM1_BRK_TIM15_IRQHandler)
    TIM1_TRG_COM_TIM17_IRQHandler            0x0800291d   Thumb Code    80  encoder.o(i.TIM1_TRG_COM_TIM17_IRQHandler)
    TIM1_UP_TIM16_IRQHandler                 0x0800297d   Thumb Code    90  encoder.o(i.TIM1_UP_TIM16_IRQHandler)
    TIM3_IRQHandler                          0x080029ed   Thumb Code    88  dcmotor.o(i.TIM3_IRQHandler)
    TIM4_IRQHandler                          0x08002a5d   Thumb Code   384  steppermotor.o(i.TIM4_IRQHandler)
    TIM8_CC_IRQHandler                       0x08002bf1   Thumb Code   202  beeper.o(i.TIM8_CC_IRQHandler)
    UARTCheckEnter                           0x08002cd9   Thumb Code    24  uart.o(i.UARTCheckEnter)
    UARTDequeue                              0x08002cf9   Thumb Code    54  uart.o(i.UARTDequeue)
    UARTInit                                 0x08002d39   Thumb Code   564  uart.o(i.UARTInit)
    UARTNotEmpty                             0x08002f81   Thumb Code    16  uart.o(i.UARTNotEmpty)
    UARTString                               0x08002f95   Thumb Code    28  uart.o(i.UARTString)
    UARTprintf                               0x08002fb1   Thumb Code    38  uart.o(i.UARTprintf)
    UARTputc                                 0x08002fd9   Thumb Code    22  uart.o(i.UARTputc)
    UARTputs                                 0x08002ff5   Thumb Code    36  uart.o(i.UARTputs)
    UDSEcho                                  0x08003019   Thumb Code   206  uds.o(i.UDSEcho)
    UDSInit                                  0x080030fd   Thumb Code    12  uds.o(i.UDSInit)
    UDSTrig                                  0x08003109   Thumb Code   110  uds.o(i.UDSTrig)
    USART1_IRQHandler                        0x08003185   Thumb Code    52  uart.o(i.USART1_IRQHandler)
    __ARM_fpclassify                         0x080031c9   Thumb Code    48  fpclassify.o(i.__ARM_fpclassify)
    _is_digit                                0x0800323d   Thumb Code    14  __printf_wp.o(i._is_digit)
    beeperControl                            0x0800324d   Thumb Code   378  uds.o(i.beeperControl)
    beeperInit                               0x08003411   Thumb Code   284  beeper.o(i.beeperInit)
    limitSwitchInit                          0x08003545   Thumb Code    72  steppermotor.o(i.limitSwitchInit)
    main                                     0x08003595   Thumb Code   938  main.o(i.main)
    mapValue                                 0x08003c0d   Thumb Code    34  servo.o(i.mapValue)
    receive                                  0x08003c2f   Thumb Code    54  uart.o(i.receive)
    runDCMotor                               0x08003c65   Thumb Code   254  dcmotor.o(i.runDCMotor)
    runStepperMotor                          0x08003d6d   Thumb Code    80  steppermotor.o(i.runStepperMotor)
    servoPosition                            0x08003dc9   Thumb Code    42  servo.o(i.servoPosition)
    speedControl                             0x08003df5   Thumb Code   110  dcmotor.o(i.speedControl)
    stepperExitParallel                      0x08003e69   Thumb Code    64  steppermotor.o(i.stepperExitParallel)
    stepperHoming                            0x08003ead   Thumb Code   138  steppermotor.o(i.stepperHoming)
    _get_lc_ctype                            0x08003f51   Thumb Code    44  lc_ctype_c.o(locale$$code)
    _get_lc_numeric                          0x08003f7d   Thumb Code    44  lc_numeric_c.o(locale$$code)
    __fpl_dcmp_Inf                           0x08003fa9   Thumb Code    24  dcmpi.o(x$fpl$dcmpinf)
    __aeabi_ui2d                             0x08003fc1   Thumb Code     0  dflt_clz.o(x$fpl$dfltu)
    _dfltu                                   0x08003fc1   Thumb Code    38  dflt_clz.o(x$fpl$dfltu)
    __aeabi_cdcmple                          0x08003fe9   Thumb Code     0  dleqf.o(x$fpl$dleqf)
    _dcmple                                  0x08003fe9   Thumb Code   120  dleqf.o(x$fpl$dleqf)
    __fpl_dcmple_InfNaN                      0x0800404b   Thumb Code     0  dleqf.o(x$fpl$dleqf)
    __aeabi_dmul                             0x08004061   Thumb Code     0  dmul.o(x$fpl$dmul)
    _dmul                                    0x08004061   Thumb Code   332  dmul.o(x$fpl$dmul)
    __fpl_dnaninf                            0x080041b5   Thumb Code   156  dnaninf.o(x$fpl$dnaninf)
    __fpl_dretinf                            0x08004251   Thumb Code    12  dretinf.o(x$fpl$dretinf)
    __aeabi_cdrcmple                         0x0800425d   Thumb Code     0  drleqf.o(x$fpl$drleqf)
    _drcmple                                 0x0800425d   Thumb Code   108  drleqf.o(x$fpl$drleqf)
    _fp_init                                 0x080042c9   Thumb Code    10  fpinit.o(x$fpl$fpinit)
    __fplib_config_fpu_vfp                   0x080042d1   Thumb Code     0  fpinit.o(x$fpl$fpinit)
    __fplib_config_pureend_doubles           0x080042d1   Thumb Code     0  fpinit.o(x$fpl$fpinit)
    _printf_fp_dec                           0x080042d3   Thumb Code     4  printf1.o(x$fpl$printf1)
    _printf_fp_hex                           0x080042d7   Thumb Code     4  printf2.o(x$fpl$printf2)
    __I$use$fp                               0x080042da   Number         0  usenofp.o(x$fpl$usenofp)
    Region$$Table$$Base                      0x080043d8   Number         0  anon$$obj.o(Region$$Table)
    Region$$Table$$Limit                     0x080043f8   Number         0  anon$$obj.o(Region$$Table)
    __ctype                                  0x08004405   Data           0  lc_ctype_c.o(locale$$data)
    UDS_pulse_width                          0x2000003c   Data           4  uds.o(.data)
    current_captured                         0x20000040   Data           4  uds.o(.data)
    last_captured                            0x20000044   Data           4  uds.o(.data)
    signal_polarity                          0x20000048   Data           4  uds.o(.data)
    overflow_count_echo                      0x2000004c   Data           4  uds.o(.data)
    left_period_width                        0x20000054   Data           4  encoder.o(.data)
    right_period_width                       0x2000005c   Data           4  encoder.o(.data)
    beep_cycle                               0x20000074   Data           4  beeper.o(.data)
    current_instructions                     0x20000088   Data          20  main.o(.bss)
    __libspace_start                         0x200000d0   Data          96  libspace.o(.bss)
    __temporary_stack_top$libspace           0x20000130   Data           0  libspace.o(.bss)



==============================================================================

Memory Map of the image

  Image Entry point : 0x08000195

  Load Region LR_IROM1 (Base: 0x08000000, Size: 0x000045ac, Max: 0x00080000, ABSOLUTE)

    Execution Region ER_IROM1 (Exec base: 0x08000000, Load base: 0x08000000, Size: 0x00004524, Max: 0x00080000, ABSOLUTE)

    Exec Addr    Load Addr    Size         Type   Attr      Idx    E Section Name        Object

    0x08000000   0x08000000   0x00000194   Data   RO            3    RESET               startup_stm32f303xe.o
    0x08000194   0x08000194   0x00000008   Code   RO          711  * !!!main             c_w.l(__main.o)
    0x0800019c   0x0800019c   0x00000034   Code   RO         1063    !!!scatter          c_w.l(__scatter.o)
    0x080001d0   0x080001d0   0x0000001a   Code   RO         1065    !!handler_copy      c_w.l(__scatter_copy.o)
    0x080001ea   0x080001ea   0x00000002   PAD
    0x080001ec   0x080001ec   0x0000001c   Code   RO         1067    !!handler_zi        c_w.l(__scatter_zi.o)
    0x08000208   0x08000208   0x00000000   Code   RO          812    .ARM.Collect$$_printf_percent$$00000000  c_w.l(_printf_percent.o)
    0x08000208   0x08000208   0x00000006   Code   RO          801    .ARM.Collect$$_printf_percent$$00000001  c_w.l(_printf_n.o)
    0x0800020e   0x0800020e   0x00000006   Code   RO          803    .ARM.Collect$$_printf_percent$$00000002  c_w.l(_printf_p.o)
    0x08000214   0x08000214   0x00000006   Code   RO          808    .ARM.Collect$$_printf_percent$$00000003  c_w.l(_printf_f.o)
    0x0800021a   0x0800021a   0x00000006   Code   RO          809    .ARM.Collect$$_printf_percent$$00000004  c_w.l(_printf_e.o)
    0x08000220   0x08000220   0x00000006   Code   RO          810    .ARM.Collect$$_printf_percent$$00000005  c_w.l(_printf_g.o)
    0x08000226   0x08000226   0x00000006   Code   RO          811    .ARM.Collect$$_printf_percent$$00000006  c_w.l(_printf_a.o)
    0x0800022c   0x0800022c   0x0000000a   Code   RO          816    .ARM.Collect$$_printf_percent$$00000007  c_w.l(_printf_ll.o)
    0x08000236   0x08000236   0x00000006   Code   RO          805    .ARM.Collect$$_printf_percent$$00000008  c_w.l(_printf_i.o)
    0x0800023c   0x0800023c   0x00000006   Code   RO          806    .ARM.Collect$$_printf_percent$$00000009  c_w.l(_printf_d.o)
    0x08000242   0x08000242   0x00000006   Code   RO          807    .ARM.Collect$$_printf_percent$$0000000A  c_w.l(_printf_u.o)
    0x08000248   0x08000248   0x00000006   Code   RO          804    .ARM.Collect$$_printf_percent$$0000000B  c_w.l(_printf_o.o)
    0x0800024e   0x0800024e   0x00000006   Code   RO          802    .ARM.Collect$$_printf_percent$$0000000C  c_w.l(_printf_x.o)
    0x08000254   0x08000254   0x00000006   Code   RO          813    .ARM.Collect$$_printf_percent$$0000000D  c_w.l(_printf_lli.o)
    0x0800025a   0x0800025a   0x00000006   Code   RO          814    .ARM.Collect$$_printf_percent$$0000000E  c_w.l(_printf_lld.o)
    0x08000260   0x08000260   0x00000006   Code   RO          815    .ARM.Collect$$_printf_percent$$0000000F  c_w.l(_printf_llu.o)
    0x08000266   0x08000266   0x00000006   Code   RO          820    .ARM.Collect$$_printf_percent$$00000010  c_w.l(_printf_llo.o)
    0x0800026c   0x0800026c   0x00000006   Code   RO          821    .ARM.Collect$$_printf_percent$$00000011  c_w.l(_printf_llx.o)
    0x08000272   0x08000272   0x0000000a   Code   RO          817    .ARM.Collect$$_printf_percent$$00000012  c_w.l(_printf_l.o)
    0x0800027c   0x0800027c   0x00000006   Code   RO          799    .ARM.Collect$$_printf_percent$$00000013  c_w.l(_printf_c.o)
    0x08000282   0x08000282   0x00000006   Code   RO          800    .ARM.Collect$$_printf_percent$$00000014  c_w.l(_printf_s.o)
    0x08000288   0x08000288   0x00000006   Code   RO          818    .ARM.Collect$$_printf_percent$$00000015  c_w.l(_printf_lc.o)
    0x0800028e   0x0800028e   0x00000006   Code   RO          819    .ARM.Collect$$_printf_percent$$00000016  c_w.l(_printf_ls.o)
    0x08000294   0x08000294   0x00000004   Code   RO          874    .ARM.Collect$$_printf_percent$$00000017  c_w.l(_printf_percent_end.o)
    0x08000298   0x08000298   0x00000002   Code   RO          930    .ARM.Collect$$libinit$$00000000  c_w.l(libinit.o)
    0x0800029a   0x0800029a   0x00000004   Code   RO          939    .ARM.Collect$$libinit$$00000001  c_w.l(libinit2.o)
    0x0800029e   0x0800029e   0x00000000   Code   RO          942    .ARM.Collect$$libinit$$00000004  c_w.l(libinit2.o)
    0x0800029e   0x0800029e   0x00000000   Code   RO          945    .ARM.Collect$$libinit$$0000000A  c_w.l(libinit2.o)
    0x0800029e   0x0800029e   0x00000000   Code   RO          947    .ARM.Collect$$libinit$$0000000C  c_w.l(libinit2.o)
    0x0800029e   0x0800029e   0x00000000   Code   RO          949    .ARM.Collect$$libinit$$0000000E  c_w.l(libinit2.o)
    0x0800029e   0x0800029e   0x00000006   Code   RO          950    .ARM.Collect$$libinit$$0000000F  c_w.l(libinit2.o)
    0x080002a4   0x080002a4   0x00000000   Code   RO          952    .ARM.Collect$$libinit$$00000011  c_w.l(libinit2.o)
    0x080002a4   0x080002a4   0x0000000c   Code   RO          953    .ARM.Collect$$libinit$$00000012  c_w.l(libinit2.o)
    0x080002b0   0x080002b0   0x00000000   Code   RO          954    .ARM.Collect$$libinit$$00000013  c_w.l(libinit2.o)
    0x080002b0   0x080002b0   0x00000000   Code   RO          956    .ARM.Collect$$libinit$$00000015  c_w.l(libinit2.o)
    0x080002b0   0x080002b0   0x0000000a   Code   RO          957    .ARM.Collect$$libinit$$00000016  c_w.l(libinit2.o)
    0x080002ba   0x080002ba   0x00000000   Code   RO          958    .ARM.Collect$$libinit$$00000017  c_w.l(libinit2.o)
    0x080002ba   0x080002ba   0x00000000   Code   RO          960    .ARM.Collect$$libinit$$00000019  c_w.l(libinit2.o)
    0x080002ba   0x080002ba   0x00000000   Code   RO          962    .ARM.Collect$$libinit$$0000001B  c_w.l(libinit2.o)
    0x080002ba   0x080002ba   0x00000000   Code   RO          964    .ARM.Collect$$libinit$$0000001D  c_w.l(libinit2.o)
    0x080002ba   0x080002ba   0x00000000   Code   RO          966    .ARM.Collect$$libinit$$0000001F  c_w.l(libinit2.o)
    0x080002ba   0x080002ba   0x00000000   Code   RO          968    .ARM.Collect$$libinit$$00000021  c_w.l(libinit2.o)
    0x080002ba   0x080002ba   0x00000000   Code   RO          970    .ARM.Collect$$libinit$$00000023  c_w.l(libinit2.o)
    0x080002ba   0x080002ba   0x00000000   Code   RO          972    .ARM.Collect$$libinit$$00000025  c_w.l(libinit2.o)
    0x080002ba   0x080002ba   0x00000000   Code   RO          976    .ARM.Collect$$libinit$$0000002C  c_w.l(libinit2.o)
    0x080002ba   0x080002ba   0x00000000   Code   RO          978    .ARM.Collect$$libinit$$0000002E  c_w.l(libinit2.o)
    0x080002ba   0x080002ba   0x00000000   Code   RO          980    .ARM.Collect$$libinit$$00000030  c_w.l(libinit2.o)
    0x080002ba   0x080002ba   0x00000000   Code   RO          982    .ARM.Collect$$libinit$$00000032  c_w.l(libinit2.o)
    0x080002ba   0x080002ba   0x00000002   Code   RO          983    .ARM.Collect$$libinit$$00000033  c_w.l(libinit2.o)
    0x080002bc   0x080002bc   0x00000002   Code   RO         1003    .ARM.Collect$$libshutdown$$00000000  c_w.l(libshutdown.o)
    0x080002be   0x080002be   0x00000000   Code   RO         1016    .ARM.Collect$$libshutdown$$00000002  c_w.l(libshutdown2.o)
    0x080002be   0x080002be   0x00000000   Code   RO         1018    .ARM.Collect$$libshutdown$$00000004  c_w.l(libshutdown2.o)
    0x080002be   0x080002be   0x00000000   Code   RO         1021    .ARM.Collect$$libshutdown$$00000007  c_w.l(libshutdown2.o)
    0x080002be   0x080002be   0x00000000   Code   RO         1024    .ARM.Collect$$libshutdown$$0000000A  c_w.l(libshutdown2.o)
    0x080002be   0x080002be   0x00000000   Code   RO         1026    .ARM.Collect$$libshutdown$$0000000C  c_w.l(libshutdown2.o)
    0x080002be   0x080002be   0x00000000   Code   RO         1029    .ARM.Collect$$libshutdown$$0000000F  c_w.l(libshutdown2.o)
    0x080002be   0x080002be   0x00000002   Code   RO         1030    .ARM.Collect$$libshutdown$$00000010  c_w.l(libshutdown2.o)
    0x080002c0   0x080002c0   0x00000000   Code   RO          723    .ARM.Collect$$rtentry$$00000000  c_w.l(__rtentry.o)
    0x080002c0   0x080002c0   0x00000000   Code   RO          843    .ARM.Collect$$rtentry$$00000002  c_w.l(__rtentry2.o)
    0x080002c0   0x080002c0   0x00000006   Code   RO          855    .ARM.Collect$$rtentry$$00000004  c_w.l(__rtentry4.o)
    0x080002c6   0x080002c6   0x00000000   Code   RO          845    .ARM.Collect$$rtentry$$00000009  c_w.l(__rtentry2.o)
    0x080002c6   0x080002c6   0x00000004   Code   RO          846    .ARM.Collect$$rtentry$$0000000A  c_w.l(__rtentry2.o)
    0x080002ca   0x080002ca   0x00000000   Code   RO          848    .ARM.Collect$$rtentry$$0000000C  c_w.l(__rtentry2.o)
    0x080002ca   0x080002ca   0x00000008   Code   RO          849    .ARM.Collect$$rtentry$$0000000D  c_w.l(__rtentry2.o)
    0x080002d2   0x080002d2   0x00000002   Code   RO          935    .ARM.Collect$$rtexit$$00000000  c_w.l(rtexit.o)
    0x080002d4   0x080002d4   0x00000000   Code   RO          985    .ARM.Collect$$rtexit$$00000002  c_w.l(rtexit2.o)
    0x080002d4   0x080002d4   0x00000004   Code   RO          986    .ARM.Collect$$rtexit$$00000003  c_w.l(rtexit2.o)
    0x080002d8   0x080002d8   0x00000006   Code   RO          987    .ARM.Collect$$rtexit$$00000004  c_w.l(rtexit2.o)
    0x080002de   0x080002de   0x00000002   PAD
    0x080002e0   0x080002e0   0x00000040   Code   RO            4    .text               startup_stm32f303xe.o
    0x08000320   0x08000320   0x00000034   Code   RO          705    .text               c_w.l(vsnprintf.o)
    0x08000354   0x08000354   0x0000001a   Code   RO          707    .text               c_w.l(atoi.o)
    0x0800036e   0x0800036e   0x00000006   Code   RO          709    .text               c_w.l(heapauxi.o)
    0x08000374   0x08000374   0x00000008   Code   RO          727    .text               c_w.l(rt_errno_addr_intlibspace.o)
    0x0800037c   0x0800037c   0x0000004e   Code   RO          731    .text               c_w.l(_printf_pad.o)
    0x080003ca   0x080003ca   0x00000024   Code   RO          733    .text               c_w.l(_printf_truncate.o)
    0x080003ee   0x080003ee   0x00000052   Code   RO          735    .text               c_w.l(_printf_str.o)
    0x08000440   0x08000440   0x00000078   Code   RO          737    .text               c_w.l(_printf_dec.o)
    0x080004b8   0x080004b8   0x00000028   Code   RO          739    .text               c_w.l(_printf_charcount.o)
    0x080004e0   0x080004e0   0x00000030   Code   RO          741    .text               c_w.l(_printf_char_common.o)
    0x08000510   0x08000510   0x0000000a   Code   RO          743    .text               c_w.l(_sputc.o)
    0x0800051a   0x0800051a   0x00000010   Code   RO          745    .text               c_w.l(_snputc.o)
    0x0800052a   0x0800052a   0x00000002   PAD
    0x0800052c   0x0800052c   0x000000bc   Code   RO          747    .text               c_w.l(_printf_wctomb.o)
    0x080005e8   0x080005e8   0x0000007c   Code   RO          750    .text               c_w.l(_printf_longlong_dec.o)
    0x08000664   0x08000664   0x00000070   Code   RO          756    .text               c_w.l(_printf_oct_int_ll.o)
    0x080006d4   0x080006d4   0x00000094   Code   RO          776    .text               c_w.l(_printf_hex_int_ll_ptr.o)
    0x08000768   0x08000768   0x00000188   Code   RO          796    .text               c_w.l(__printf_flags_ss_wp.o)
    0x080008f0   0x080008f0   0x00000070   Code   RO          822    .text               c_w.l(strtol.o)
    0x08000960   0x08000960   0x00000008   Code   RO          839    .text               c_w.l(libspace.o)
    0x08000968   0x08000968   0x00000010   Code   RO          857    .text               c_w.l(rt_ctype_table.o)
    0x08000978   0x08000978   0x0000008a   Code   RO          859    .text               c_w.l(lludiv10.o)
    0x08000a02   0x08000a02   0x000000b2   Code   RO          861    .text               c_w.l(_printf_intcommon.o)
    0x08000ab4   0x08000ab4   0x0000041e   Code   RO          863    .text               c_w.l(_printf_fp_dec.o)
    0x08000ed2   0x08000ed2   0x00000002   PAD
    0x08000ed4   0x08000ed4   0x000002fc   Code   RO          865    .text               c_w.l(_printf_fp_hex.o)
    0x080011d0   0x080011d0   0x0000002c   Code   RO          870    .text               c_w.l(_printf_char.o)
    0x080011fc   0x080011fc   0x0000002c   Code   RO          872    .text               c_w.l(_printf_wchar.o)
    0x08001228   0x08001228   0x0000009e   Code   RO          875    .text               c_w.l(_strtoul.o)
    0x080012c6   0x080012c6   0x00000040   Code   RO          877    .text               c_w.l(_wcrtomb.o)
    0x08001306   0x08001306   0x0000004a   Code   RO          881    .text               c_w.l(sys_stackheap_outer.o)
    0x08001350   0x08001350   0x00000008   Code   RO          886    .text               c_w.l(rt_locale_intlibspace.o)
    0x08001358   0x08001358   0x00000080   Code   RO          888    .text               c_w.l(_printf_fp_infnan.o)
    0x080013d8   0x080013d8   0x0000001c   Code   RO          890    .text               c_w.l(_chval.o)
    0x080013f4   0x080013f4   0x000000e4   Code   RO          892    .text               c_w.l(bigflt0.o)
    0x080014d8   0x080014d8   0x00000012   Code   RO          923    .text               c_w.l(exit.o)
    0x080014ea   0x080014ea   0x00000002   PAD
    0x080014ec   0x080014ec   0x00000080   Code   RO          937    .text               c_w.l(strcmpv7m.o)
    0x0800156c   0x0800156c   0x0000000c   Code   RO          995    .text               c_w.l(sys_exit.o)
    0x08001578   0x08001578   0x00000002   Code   RO         1006    .text               c_w.l(use_no_semi.o)
    0x0800157a   0x0800157a   0x00000000   Code   RO         1008    .text               c_w.l(indicate_semi.o)
    0x0800157a   0x0800157a   0x0000003e   Code   RO          895    CL$$btod_d2e        c_w.l(btod.o)
    0x080015b8   0x080015b8   0x00000046   Code   RO          897    CL$$btod_d2e_denorm_low  c_w.l(btod.o)
    0x080015fe   0x080015fe   0x00000060   Code   RO          896    CL$$btod_d2e_norm_op1  c_w.l(btod.o)
    0x0800165e   0x0800165e   0x00000338   Code   RO          905    CL$$btod_div_common  c_w.l(btod.o)
    0x08001996   0x08001996   0x000000dc   Code   RO          902    CL$$btod_e2e        c_w.l(btod.o)
    0x08001a72   0x08001a72   0x0000002a   Code   RO          899    CL$$btod_ediv       c_w.l(btod.o)
    0x08001a9c   0x08001a9c   0x0000002a   Code   RO          898    CL$$btod_emul       c_w.l(btod.o)
    0x08001ac6   0x08001ac6   0x00000244   Code   RO          904    CL$$btod_mult_common  c_w.l(btod.o)
    0x08001d0a   0x08001d0a   0x00000002   PAD
    0x08001d0c   0x08001d0c   0x000002dc   Code   RO          436    i.DCMotorInit       dcmotor.o
    0x08001fe8   0x08001fe8   0x0000001c   Code   RO          208    i.Delay_10us        systick.o
    0x08002004   0x08002004   0x00000010   Code   RO          209    i.Delay_ms          systick.o
    0x08002014   0x08002014   0x00000190   Code   RO          539    i.EncoderInit       encoder.o
    0x080021a4   0x080021a4   0x00000010   Code   RO          258    i.LCDclear          lcd.o
    0x080021b4   0x080021b4   0x0000005c   Code   RO          259    i.LCDcmd            lcd.o
    0x08002210   0x08002210   0x000001d0   Code   RO          261    i.LCDinit           lcd.o
    0x080023e0   0x080023e0   0x000000b8   Code   RO          400    i.ServoInit         servo.o
    0x08002498   0x08002498   0x000001d0   Code   RO          339    i.StepperMotorInit  steppermotor.o
    0x08002668   0x08002668   0x00000018   Code   RO          210    i.SysTick_Handler   systick.o
    0x08002680   0x08002680   0x00000064   Code   RO          211    i.SysTick_Initialize  systick.o
    0x080026e4   0x080026e4   0x0000007c   Code   RO           71    i.SystemInit        system_stm32f3xx.o
    0x08002760   0x08002760   0x00000100   Code   RO           13    i.System_Clock_Init  sysclock.o
    0x08002860   0x08002860   0x000000bc   Code   RO          480    i.TIM1_BRK_TIM15_IRQHandler  uds.o
    0x0800291c   0x0800291c   0x00000060   Code   RO          540    i.TIM1_TRG_COM_TIM17_IRQHandler  encoder.o
    0x0800297c   0x0800297c   0x00000070   Code   RO          541    i.TIM1_UP_TIM16_IRQHandler  encoder.o
    0x080029ec   0x080029ec   0x00000070   Code   RO          437    i.TIM3_IRQHandler   dcmotor.o
    0x08002a5c   0x08002a5c   0x00000194   Code   RO          340    i.TIM4_IRQHandler   steppermotor.o
    0x08002bf0   0x08002bf0   0x000000e8   Code   RO          673    i.TIM8_CC_IRQHandler  beeper.o
    0x08002cd8   0x08002cd8   0x00000020   Code   RO          592    i.UARTCheckEnter    uart.o
    0x08002cf8   0x08002cf8   0x00000040   Code   RO          593    i.UARTDequeue       uart.o
    0x08002d38   0x08002d38   0x00000248   Code   RO          594    i.UARTInit          uart.o
    0x08002f80   0x08002f80   0x00000014   Code   RO          595    i.UARTNotEmpty      uart.o
    0x08002f94   0x08002f94   0x0000001c   Code   RO          596    i.UARTString        uart.o
    0x08002fb0   0x08002fb0   0x00000026   Code   RO          597    i.UARTprintf        uart.o
    0x08002fd6   0x08002fd6   0x00000002   PAD
    0x08002fd8   0x08002fd8   0x0000001c   Code   RO          598    i.UARTputc          uart.o
    0x08002ff4   0x08002ff4   0x00000024   Code   RO          599    i.UARTputs          uart.o
    0x08003018   0x08003018   0x000000e4   Code   RO          481    i.UDSEcho           uds.o
    0x080030fc   0x080030fc   0x0000000c   Code   RO          482    i.UDSInit           uds.o
    0x08003108   0x08003108   0x0000007c   Code   RO          483    i.UDSTrig           uds.o
    0x08003184   0x08003184   0x00000044   Code   RO          600    i.USART1_IRQHandler  uart.o
    0x080031c8   0x080031c8   0x00000030   Code   RO          933    i.__ARM_fpclassify  m_wm.l(fpclassify.o)
    0x080031f8   0x080031f8   0x0000001a   Code   RO          542    i.__NVIC_EnableIRQ  encoder.o
    0x08003212   0x08003212   0x00000002   PAD
    0x08003214   0x08003214   0x00000028   Code   RO          543    i.__NVIC_SetPriority  encoder.o
    0x0800323c   0x0800323c   0x0000000e   Code   RO          789    i._is_digit         c_w.l(__printf_wp.o)
    0x0800324a   0x0800324a   0x00000002   PAD
    0x0800324c   0x0800324c   0x000001c4   Code   RO          484    i.beeperControl     uds.o
    0x08003410   0x08003410   0x00000134   Code   RO          674    i.beeperInit        beeper.o
    0x08003544   0x08003544   0x00000050   Code   RO          341    i.limitSwitchInit   steppermotor.o
    0x08003594   0x08003594   0x00000678   Code   RO          117    i.main              main.o
    0x08003c0c   0x08003c0c   0x00000022   Code   RO          401    i.mapValue          servo.o
    0x08003c2e   0x08003c2e   0x00000036   Code   RO          601    i.receive           uart.o
    0x08003c64   0x08003c64   0x00000108   Code   RO          438    i.runDCMotor        dcmotor.o
    0x08003d6c   0x08003d6c   0x0000005c   Code   RO          342    i.runStepperMotor   steppermotor.o
    0x08003dc8   0x08003dc8   0x0000002a   Code   RO          402    i.servoPosition     servo.o
    0x08003df2   0x08003df2   0x00000002   PAD
    0x08003df4   0x08003df4   0x00000074   Code   RO          439    i.speedControl      dcmotor.o
    0x08003e68   0x08003e68   0x00000044   Code   RO          343    i.stepperExitParallel  steppermotor.o
    0x08003eac   0x08003eac   0x000000a4   Code   RO          344    i.stepperHoming     steppermotor.o
    0x08003f50   0x08003f50   0x0000002c   Code   RO          918    locale$$code        c_w.l(lc_ctype_c.o)
    0x08003f7c   0x08003f7c   0x0000002c   Code   RO          921    locale$$code        c_w.l(lc_numeric_c.o)
    0x08003fa8   0x08003fa8   0x00000018   Code   RO          879    x$fpl$dcmpinf       fz_wm.l(dcmpi.o)
    0x08003fc0   0x08003fc0   0x00000026   Code   RO          713    x$fpl$dfltu         fz_wm.l(dflt_clz.o)
    0x08003fe6   0x08003fe6   0x00000002   PAD
    0x08003fe8   0x08003fe8   0x00000078   Code   RO          824    x$fpl$dleqf         fz_wm.l(dleqf.o)
    0x08004060   0x08004060   0x00000154   Code   RO          719    x$fpl$dmul          fz_wm.l(dmul.o)
    0x080041b4   0x080041b4   0x0000009c   Code   RO          826    x$fpl$dnaninf       fz_wm.l(dnaninf.o)
    0x08004250   0x08004250   0x0000000c   Code   RO          828    x$fpl$dretinf       fz_wm.l(dretinf.o)
    0x0800425c   0x0800425c   0x0000006c   Code   RO          721    x$fpl$drleqf        fz_wm.l(drleqf.o)
    0x080042c8   0x080042c8   0x0000000a   Code   RO          993    x$fpl$fpinit        fz_wm.l(fpinit.o)
    0x080042d2   0x080042d2   0x00000004   Code   RO          830    x$fpl$printf1       fz_wm.l(printf1.o)
    0x080042d6   0x080042d6   0x00000004   Code   RO          832    x$fpl$printf2       fz_wm.l(printf2.o)
    0x080042da   0x080042da   0x00000000   Code   RO          838    x$fpl$usenofp       fz_wm.l(usenofp.o)
    0x080042da   0x080042da   0x00000002   PAD
    0x080042dc   0x080042dc   0x00000008   Data   RO          748    .constdata          c_w.l(_printf_wctomb.o)
    0x080042e4   0x080042e4   0x00000028   Data   RO          777    .constdata          c_w.l(_printf_hex_int_ll_ptr.o)
    0x0800430c   0x0800430c   0x00000011   Data   RO          797    .constdata          c_w.l(__printf_flags_ss_wp.o)
    0x0800431d   0x0800431d   0x00000026   Data   RO          866    .constdata          c_w.l(_printf_fp_hex.o)
    0x08004343   0x08004343   0x00000001   PAD
    0x08004344   0x08004344   0x00000094   Data   RO          893    .constdata          c_w.l(bigflt0.o)
    0x080043d8   0x080043d8   0x00000020   Data   RO         1061    Region$$Table       anon$$obj.o
    0x080043f8   0x080043f8   0x00000110   Data   RO          917    locale$$data        c_w.l(lc_ctype_c.o)
    0x08004508   0x08004508   0x0000001c   Data   RO          920    locale$$data        c_w.l(lc_numeric_c.o)


    Execution Region RW_IRAM1 (Exec base: 0x20000000, Load base: 0x08004524, Size: 0x00000730, Max: 0x00010000, ABSOLUTE)

    Exec Addr    Load Addr    Size         Type   Attr      Idx    E Section Name        Object

    0x20000000   0x08004524   0x00000004   Data   RW          212    .data               systick.o
    0x20000004   0x08004528   0x00000030   Data   RW          345    .data               steppermotor.o
    0x20000034   0x08004558   0x00000008   Data   RW          440    .data               dcmotor.o
    0x2000003c   0x08004560   0x00000018   Data   RW          487    .data               uds.o
    0x20000054   0x08004578   0x0000001c   Data   RW          544    .data               encoder.o
    0x20000070   0x08004594   0x00000004   Data   RW          603    .data               uart.o
    0x20000074   0x08004598   0x00000014   Data   RW          675    .data               beeper.o
    0x20000088        -       0x00000014   Zero   RW          118    .bss                main.o
    0x2000009c        -       0x00000032   Zero   RW          602    .bss                uart.o
    0x200000ce   0x080045ac   0x00000002   PAD
    0x200000d0        -       0x00000060   Zero   RW          840    .bss                c_w.l(libspace.o)
    0x20000130        -       0x00000200   Zero   RW            2    HEAP                startup_stm32f303xe.o
    0x20000330        -       0x00000400   Zero   RW            1    STACK               startup_stm32f303xe.o


==============================================================================

Image component sizes


      Code (inc. data)   RO Data    RW Data    ZI Data      Debug   Object Name

       540         54          0         20          0       2175   beeper.o
      1224         72          0          8          0       3228   dcmotor.o
       674         58          0         28          0      33875   encoder.o
       572         14          0          0          0       2270   lcd.o
      1656        718          0          0         20       1930   main.o
       260         12          0          0          0       1819   servo.o
        64         26        404          0       1536        900   startup_stm32f303xe.o
      1272         96          0         48          0      34821   steppermotor.o
       256         14          0          0          0     263916   sysclock.o
       124         20          0          0          0        537   system_stm32f3xx.o
       168         18          0          4          0      32926   systick.o
       952         64          0          4         50       6783   uart.o
      1004        134          0         24          0       4721   uds.o

    ----------------------------------------------------------------------
      8772       1300        436        136       1608     389901   Object Totals
         0          0         32          0          0          0   (incl. Generated)
         6          0          0          0          2          0   (incl. Padding)

    ----------------------------------------------------------------------

      Code (inc. data)   RO Data    RW Data    ZI Data      Debug   Library Member Name

         8          0          0          0          0         68   __main.o
       392          4         17          0          0         92   __printf_flags_ss_wp.o
        14          0          0          0          0         68   __printf_wp.o
         0          0          0          0          0          0   __rtentry.o
        12          0          0          0          0          0   __rtentry2.o
         6          0          0          0          0          0   __rtentry4.o
        52          8          0          0          0          0   __scatter.o
        26          0          0          0          0          0   __scatter_copy.o
        28          0          0          0          0          0   __scatter_zi.o
        28          0          0          0          0         68   _chval.o
         6          0          0          0          0          0   _printf_a.o
         6          0          0          0          0          0   _printf_c.o
        44          0          0          0          0        108   _printf_char.o
        48          6          0          0          0         96   _printf_char_common.o
        40          0          0          0          0         68   _printf_charcount.o
         6          0          0          0          0          0   _printf_d.o
       120         16          0          0          0         92   _printf_dec.o
         6          0          0          0          0          0   _printf_e.o
         6          0          0          0          0          0   _printf_f.o
      1054          0          0          0          0        216   _printf_fp_dec.o
       764          8         38          0          0        100   _printf_fp_hex.o
       128         16          0          0          0         84   _printf_fp_infnan.o
         6          0          0          0          0          0   _printf_g.o
       148          4         40          0          0        160   _printf_hex_int_ll_ptr.o
         6          0          0          0          0          0   _printf_i.o
       178          0          0          0          0         88   _printf_intcommon.o
        10          0          0          0          0          0   _printf_l.o
         6          0          0          0          0          0   _printf_lc.o
        10          0          0          0          0          0   _printf_ll.o
         6          0          0          0          0          0   _printf_lld.o
         6          0          0          0          0          0   _printf_lli.o
         6          0          0          0          0          0   _printf_llo.o
         6          0          0          0          0          0   _printf_llu.o
         6          0          0          0          0          0   _printf_llx.o
       124         16          0          0          0         92   _printf_longlong_dec.o
         6          0          0          0          0          0   _printf_ls.o
         6          0          0          0          0          0   _printf_n.o
         6          0          0          0          0          0   _printf_o.o
       112         10          0          0          0        124   _printf_oct_int_ll.o
         6          0          0          0          0          0   _printf_p.o
        78          0          0          0          0        108   _printf_pad.o
         0          0          0          0          0          0   _printf_percent.o
         4          0          0          0          0          0   _printf_percent_end.o
         6          0          0          0          0          0   _printf_s.o
        82          0          0          0          0         80   _printf_str.o
        36          0          0          0          0         84   _printf_truncate.o
         6          0          0          0          0          0   _printf_u.o
        44          0          0          0          0        108   _printf_wchar.o
       188          6          8          0          0         92   _printf_wctomb.o
         6          0          0          0          0          0   _printf_x.o
        16          0          0          0          0         68   _snputc.o
        10          0          0          0          0         68   _sputc.o
       158          0          0          0          0         92   _strtoul.o
        64          0          0          0          0         92   _wcrtomb.o
        26          0          0          0          0         80   atoi.o
       228          4        148          0          0         96   bigflt0.o
      1936        128          0          0          0        672   btod.o
        18          0          0          0          0         80   exit.o
         6          0          0          0          0        152   heapauxi.o
         0          0          0          0          0          0   indicate_semi.o
        44         10        272          0          0         76   lc_ctype_c.o
        44         10         28          0          0         76   lc_numeric_c.o
         2          0          0          0          0          0   libinit.o
        34          0          0          0          0          0   libinit2.o
         2          0          0          0          0          0   libshutdown.o
         2          0          0          0          0          0   libshutdown2.o
         8          4          0          0         96         68   libspace.o
       138          0          0          0          0         80   lludiv10.o
        16          4          0          0          0         76   rt_ctype_table.o
         8          4          0          0          0         68   rt_errno_addr_intlibspace.o
         8          4          0          0          0         68   rt_locale_intlibspace.o
         2          0          0          0          0          0   rtexit.o
        10          0          0          0          0          0   rtexit2.o
       128          0          0          0          0         68   strcmpv7m.o
       112          0          0          0          0         88   strtol.o
        12          4          0          0          0         68   sys_exit.o
        74          0          0          0          0         80   sys_stackheap_outer.o
         2          0          0          0          0         68   use_no_semi.o
        52          4          0          0          0         80   vsnprintf.o
        24          0          0          0          0        116   dcmpi.o
        38          0          0          0          0        116   dflt_clz.o
       120          4          0          0          0        140   dleqf.o
       340         12          0          0          0        152   dmul.o
       156          4          0          0          0        140   dnaninf.o
        12          0          0          0          0        116   dretinf.o
       108          0          0          0          0        128   drleqf.o
        10          0          0          0          0        116   fpinit.o
         4          0          0          0          0        116   printf1.o
         4          0          0          0          0        116   printf2.o
         0          0          0          0          0          0   usenofp.o
        48          0          0          0          0        124   fpclassify.o

    ----------------------------------------------------------------------
      7940        290        552          0         96       5740   Library Totals
        18          0          1          0          0          0   (incl. Padding)

    ----------------------------------------------------------------------

      Code (inc. data)   RO Data    RW Data    ZI Data      Debug   Library Name

      7058        270        551          0         96       4360   c_w.l
       816         20          0          0          0       1256   fz_wm.l
        48          0          0          0          0        124   m_wm.l

    ----------------------------------------------------------------------
      7940        290        552          0         96       5740   Library Totals

    ----------------------------------------------------------------------

==============================================================================


      Code (inc. data)   RO Data    RW Data    ZI Data      Debug   

     16712       1590        988        136       1704     388249   Grand Totals
     16712       1590        988        136       1704     388249   ELF Image Totals
     16712       1590        988        136          0          0   ROM Totals

==============================================================================

    Total RO  Size (Code + RO Data)                17700 (  17.29kB)
    Total RW  Size (RW Data + ZI Data)              1840 (   1.80kB)
    Total ROM Size (Code + RO Data + RW Data)      17836 (  17.42kB)

==============================================================================

